******************************************************************************
               TMS320C6x Linker PC v8.2.4                      
******************************************************************************
>> Linked Thu Oct  3 13:50:50 2019

OUTPUT FILE NAME:   <HW03.6.out>
ENTRY POINT SYMBOL: "_c_int00"  address: 11801ca0


MEMORY CONFIGURATION

         name            origin    length      used     unused   attr    fill
----------------------  --------  ---------  --------  --------  ----  --------
  VECTORS               11800000   00000200  00000200  00000000  RWIX
  DSPRAM                11800200   0003fe00  00002274  0003db8c  RWIX
  SHAREDRAM             80000000   00020000  00000000  00020000  RWIX
  SDRAM                 c0000000   08000000  00000000  08000000  RWIX


SEGMENT ALLOCATION MAP

run origin  load origin   length   init length attrs members
----------  ----------- ---------- ----------- ----- -------
11800000    11800000    00001e40   00001e40    r-x
  11800000    11800000    00000200   00000200    r-x vectors
  11800200    11800200    00001c40   00001c40    r-x .text
11801e40    11801e40    00000510   00000000    rw-
  11801e40    11801e40    00000400   00000000    rw- .stack
  11802240    11802240    000000c8   00000000    rw- .fardata
  11802308    11802308    00000044   00000000    rw- .far
  1180234c    1180234c    00000004   00000000    rw- .neardata
11802350    11802350    00000034   00000034    r--
  11802350    11802350    0000001c   0000001c    r-- .const
  1180236c    1180236c    00000018   00000018    r-- .switch
11802384    11802384    00000010   00000000    rw-
  11802384    11802384    00000010   00000000    rw- .bss
11802398    11802398    000000e0   000000e0    r--
  11802398    11802398    000000e0   000000e0    r-- .cinit


SECTION ALLOCATION MAP

 output                                  attributes/
section   page    origin      length       input sections
--------  ----  ----------  ----------   ----------------
vectors    0    11800000    00000200     
                  11800000    00000200     vectors.obj (vectors)

.stack     0    11801e40    00000400     UNINITIALIZED
                  11801e40    00000008     rts6740_elf.lib : boot.obj (.stack)
                  11801e48    000003f8     --HOLE--

.fardata   0    11802240    000000c8     UNINITIALIZED
                  11802240    00000060     LP-8th-750of48K.obj (.fardata:SOS_1)
                  118022a0    00000030     IIRmono_ISRs.obj (.fardata:w)
                  118022d0    00000014     IIR4th.obj (.fardata:C)
                  118022e4    00000004     --HOLE--
                  118022e8    00000014     IIR4th.obj (.fardata:D)
                  118022fc    0000000c     rts6740_elf.lib : exit.obj (.fardata)

.far       0    11802308    00000044     UNINITIALIZED
                  11802308    00000014     (.common:xLeft)
                  1180231c    00000004     (.common:CodecDataIn)
                  11802320    00000014     (.common:xRight)
                  11802334    00000004     (.common:CodecDataOut)
                  11802338    00000014     (.common:yRight)

.neardata 
*          0    1180234c    00000004     UNINITIALIZED
                  1180234c    00000004     LCDK_Support_DSP.obj (.neardata)

.bss       0    11802384    00000010     UNINITIALIZED
                  11802384    00000004     (.common:i)
                  11802388    00000004     (.common:j)
                  1180238c    00000004     (.common:y)
                  11802390    00000004     (.common:yLeft)

.cinit     0    11802398    000000e0     
                  11802398    00000099     (.cinit..fardata.load) [load image, compression = rle]
                  11802431    00000009     (.cinit..bss.load) [load image, compression = rle]
                  1180243a    00000009     (.cinit..far.load) [load image, compression = rle]
                  11802443    00000009     (.cinit..neardata.load) [load image, compression = rle]
                  1180244c    00000008     (__TI_handler_table)
                  11802454    00000004     --HOLE-- [fill = 0]
                  11802458    00000020     (__TI_cinit_table)

.const     0    11802350    0000001c     
                  11802350    0000000c     IIRmono_ISRs.obj (.const:$P$T0$1)
                  1180235c    00000004     --HOLE-- [fill = 0]
                  11802360    0000000c     IIRmono_ISRs.obj (.const:$P$T1$2)

.text      0    11800200    00001c40     
                  11800200    00000de0     LCDK_Support_DSP.obj (.text)
                  11800fe0    00000580     IIRmono_ISRs.obj (.text:retain)
                  11801560    00000160     rts6740_elf.lib : autoinit.obj (.text:_auto_init_elf)
                  118016c0    00000100                     : copy_decompress_rle.obj (.text:__TI_decompress_rle_core)
                  118017c0    00000100                     : cpy_tbl.obj (.text:copy_in)
                  118018c0    000000e0                     : exit.obj (.text:exit)
                  118019a0    000000e0                     : memset.obj (.text:memset)
                  11801a80    000000c0                     : divu.obj (.text:__divu)
                  11801b40    000000c0                     : tls.obj (.text:tls:init:__TI_tls_init)
                  11801c00    000000a0                     : memcpy64.obj (.text:memcpy)
                  11801ca0    00000080                     : boot.obj (.text:_c_int00)
                  11801d20    00000040                     : args_main.obj (.text:_args_main)
                  11801d60    00000020     StartUp.obj (.text)
                  11801d80    00000020     rts6740_elf.lib : startup.obj (.text:_system_post_cinit)
                  11801da0    00000020                     : pre_init.obj (.text:_system_pre_init)
                  11801dc0    00000020                     : exit.obj (.text:abort)
                  11801de0    00000020                     : copy_decompress_none.obj (.text:decompress:none:__TI_decompress_none)
                  11801e00    00000020                     : copy_decompress_rle.obj (.text:decompress:rle24:__TI_decompress_rle24)
                  11801e20    00000020     main.obj (.text)

.switch    0    1180236c    00000018     
                  1180236c    00000018     LCDK_Support_DSP.obj (.switch:SetSampleRate_AIC3106)

MODULE SUMMARY

       Module                     code   ro data   rw data
       ------                     ----   -------   -------
    .\
       LCDK_Support_DSP.obj       3552   24        4      
       IIRmono_ISRs.obj           1408   24        132    
       vectors.obj                512    0         0      
       LP-8th-750of48K.obj        0      0         96     
       IIR4th.obj                 0      0         40     
       StartUp.obj                32     0         0      
       main.obj                   32     0         0      
    +--+--------------------------+------+---------+---------+
       Total:                     5536   48        272    
                                                          
    C:/ProgramData/App-V/52EB7CA7-C912-4647-896C-AD7297F4555C/A88AFD82-1D4C-4381-87C8-2C47506DA387/Root/ccsv8/tools/compiler/ti-cgt-c6000_8.2.4/lib/rts6740_elf.lib
       autoinit.obj               352    0         0      
       copy_decompress_rle.obj    288    0         0      
       exit.obj                   256    0         12     
       cpy_tbl.obj                256    0         0      
       memset.obj                 224    0         0      
       divu.obj                   192    0         0      
       tls.obj                    192    0         0      
       memcpy64.obj               160    0         0      
       boot.obj                   128    0         0      
       args_main.obj              64     0         0      
       copy_decompress_none.obj   32     0         0      
       pre_init.obj               32     0         0      
       startup.obj                32     0         0      
    +--+--------------------------+------+---------+---------+
       Total:                     2208   0         12     
                                                          
       Stack:                     0      0         1024   
       Linker Generated:          0      220       0      
    +--+--------------------------+------+---------+---------+
       Grand Total:               7744   268       1308   


LINKER GENERATED COPY TABLES

__TI_cinit_table @ 11802458 records: 4, size/record: 8, table size: 32
	.fardata: load addr=11802398, load size=00000099 bytes, run addr=11802240, run size=000000c8 bytes, compression=rle
	.bss: load addr=11802431, load size=00000009 bytes, run addr=11802384, run size=00000010 bytes, compression=rle
	.far: load addr=1180243a, load size=00000009 bytes, run addr=11802308, run size=00000044 bytes, compression=rle
	.neardata: load addr=11802443, load size=00000009 bytes, run addr=1180234c, run size=00000004 bytes, compression=rle


LINKER GENERATED HANDLER TABLE

__TI_handler_table @ 1180244c records: 2, size/record: 4, table size: 8
	index: 0, handler: __TI_decompress_rle24
	index: 1, handler: __TI_decompress_none


GLOBAL SYMBOLS: SORTED ALPHABETICALLY BY Name 

address   name                           
-------   ----                           
118008f8  AIC3106_write_reg              
118022d0  C                              
11801dc0  C$$EXIT                        
11800694  CheckForOverrun                
1180231c  CodecDataIn                    
11802334  CodecDataOut                   
11800fe0  Codec_ISR                      
118022e8  D                              
1180020c  DSP_Init                       
1180022c  DSP_Init_EDMA                  
1180042c  EnableInterrupts               
11800484  EnableInterrupts_EDMA          
11800200  GetSampleFreq                  
118003c4  InitDigitalOutputs             
1180024c  InitLEDs                       
118006c0  Init_AIC3106                   
118004f4  Init_I2C                       
118003f0  Init_Interrupts                
1180046c  Init_Interrupts_EDMA           
11800ab4  Init_McASP0                    
11800e34  Init_UART2                     
11800f74  IsDataReady_UART2              
11800fa0  IsTxReady_UART2                
11800f0c  Puts_UART2                     
1180064c  ReadCodecData                  
118003a8  ReadSwitches                   
11800f4c  Read_UART2                     
11800938  Reset_AIC3106                  
11800544  Reset_I2C                      
11802240  SOS_1                          
11800964  SetSampleRate_AIC3106          
11801d60  StartUp                        
1180066c  WriteCodecData                 
118003d0  WriteDigitalOutputs            
118002c0  WriteLEDs                      
11800568  Write_I2C                      
11800ee0  Write_UART2                    
11802458  __TI_CINIT_Base                
11802478  __TI_CINIT_Limit               
1180244c  __TI_Handler_Table_Base        
11802454  __TI_Handler_Table_Limit       
UNDEFED   __TI_INITARRAY_Base            
UNDEFED   __TI_INITARRAY_Limit           
11802240  __TI_STACK_END                 
00000400  __TI_STACK_SIZE                
1180234c  __TI_STATIC_BASE               
UNDEFED   __TI_TLS_INIT_Base             
UNDEFED   __TI_TLS_INIT_Limit            
118022fc  __TI_cleanup_ptr               
11801de0  __TI_decompress_none           
11801e00  __TI_decompress_rle24          
11802300  __TI_dtors_ptr                 
11802304  __TI_enable_exit_profile_output
ffffffff  __TI_pprof_out_hndl            
ffffffff  __TI_prof_data_size            
ffffffff  __TI_prof_data_start           
11801b40  __TI_tls_init                  
ffffffff  __binit__                      
11801a80  __c6xabi_divu                  
ffffffff  __c_args__                     
11801a80  __divu                         
11801d20  _args_main                     
11801560  _auto_init_elf                 
11801ca0  _c_int00                       
11801e40  _stack                         
11801d80  _system_post_cinit             
11801da0  _system_pre_init               
11801dc0  abort                          
ffffffff  binit                          
118017c0  copy_in                        
118018c0  exit                           
11802384  i                              
11802388  j                              
11801e20  main                           
11801c00  memcpy                         
118019a0  memset                         
118022a0  w                              
118004c4  wait                           
11802308  xLeft                          
11802320  xRight                         
1180238c  y                              
11802390  yLeft                          
11802338  yRight                         


GLOBAL SYMBOLS: SORTED BY Symbol Address 

address   name                           
-------   ----                           
00000400  __TI_STACK_SIZE                
11800200  GetSampleFreq                  
1180020c  DSP_Init                       
1180022c  DSP_Init_EDMA                  
1180024c  InitLEDs                       
118002c0  WriteLEDs                      
118003a8  ReadSwitches                   
118003c4  InitDigitalOutputs             
118003d0  WriteDigitalOutputs            
118003f0  Init_Interrupts                
1180042c  EnableInterrupts               
1180046c  Init_Interrupts_EDMA           
11800484  EnableInterrupts_EDMA          
118004c4  wait                           
118004f4  Init_I2C                       
11800544  Reset_I2C                      
11800568  Write_I2C                      
1180064c  ReadCodecData                  
1180066c  WriteCodecData                 
11800694  CheckForOverrun                
118006c0  Init_AIC3106                   
118008f8  AIC3106_write_reg              
11800938  Reset_AIC3106                  
11800964  SetSampleRate_AIC3106          
11800ab4  Init_McASP0                    
11800e34  Init_UART2                     
11800ee0  Write_UART2                    
11800f0c  Puts_UART2                     
11800f4c  Read_UART2                     
11800f74  IsDataReady_UART2              
11800fa0  IsTxReady_UART2                
11800fe0  Codec_ISR                      
11801560  _auto_init_elf                 
118017c0  copy_in                        
118018c0  exit                           
118019a0  memset                         
11801a80  __c6xabi_divu                  
11801a80  __divu                         
11801b40  __TI_tls_init                  
11801c00  memcpy                         
11801ca0  _c_int00                       
11801d20  _args_main                     
11801d60  StartUp                        
11801d80  _system_post_cinit             
11801da0  _system_pre_init               
11801dc0  C$$EXIT                        
11801dc0  abort                          
11801de0  __TI_decompress_none           
11801e00  __TI_decompress_rle24          
11801e20  main                           
11801e40  _stack                         
11802240  SOS_1                          
11802240  __TI_STACK_END                 
118022a0  w                              
118022d0  C                              
118022e8  D                              
118022fc  __TI_cleanup_ptr               
11802300  __TI_dtors_ptr                 
11802304  __TI_enable_exit_profile_output
11802308  xLeft                          
1180231c  CodecDataIn                    
11802320  xRight                         
11802334  CodecDataOut                   
11802338  yRight                         
1180234c  __TI_STATIC_BASE               
11802384  i                              
11802388  j                              
1180238c  y                              
11802390  yLeft                          
1180244c  __TI_Handler_Table_Base        
11802454  __TI_Handler_Table_Limit       
11802458  __TI_CINIT_Base                
11802478  __TI_CINIT_Limit               
ffffffff  __TI_pprof_out_hndl            
ffffffff  __TI_prof_data_size            
ffffffff  __TI_prof_data_start           
ffffffff  __binit__                      
ffffffff  __c_args__                     
ffffffff  binit                          
UNDEFED   __TI_INITARRAY_Base            
UNDEFED   __TI_INITARRAY_Limit           
UNDEFED   __TI_TLS_INIT_Base             
UNDEFED   __TI_TLS_INIT_Limit            

[83 symbols]
