******************************************************************************
               TMS320C6x Linker PC v8.2.4                      
******************************************************************************
>> Linked Thu Sep 26 15:01:00 2019

OUTPUT FILE NAME:   <WEEK 2.out>
ENTRY POINT SYMBOL: "_c_int00"  address: 118019e0


MEMORY CONFIGURATION

         name            origin    length      used     unused   attr    fill
----------------------  --------  ---------  --------  --------  ----  --------
  VECTORS               11800000   00000200  00000200  00000000  RWIX
  DSPRAM                11800200   0003fe00  00002000  0003de00  RWIX
  SHAREDRAM             80000000   00020000  00000000  00020000  RWIX
  SDRAM                 c0000000   08000000  00000000  08000000  RWIX


SEGMENT ALLOCATION MAP

run origin  load origin   length   init length attrs members
----------  ----------- ---------- ----------- ----- -------
11800000    11800000    00001b80   00001b80    r-x
  11800000    11800000    00000200   00000200    r-x vectors
  11800200    11800200    00001980   00001980    r-x .text
11801b80    11801b80    00000588   00000000    rw-
  11801b80    11801b80    00000400   00000000    rw- .stack
  11801f80    11801f80    00000100   00000000    rw- .far
  11802080    11802080    00000088   00000000    rw- .fardata
11802108    11802108    00000018   00000018    r--
  11802108    11802108    00000018   00000018    r-- .switch
11802120    11802120    00000010   00000000    rw-
  11802120    11802120    0000000c   00000000    rw- .bss
  1180212c    1180212c    00000004   00000000    rw- .neardata
11802130    11802130    000000d0   000000d0    r--
  11802130    11802130    000000d0   000000d0    r-- .cinit


SECTION ALLOCATION MAP

 output                                  attributes/
section   page    origin      length       input sections
--------  ----  ----------  ----------   ----------------
vectors    0    11800000    00000200     
                  11800000    00000200     vectors.obj (vectors)

.far       0    11801f80    00000100     UNINITIALIZED
                  11801f80    0000007c     (.common:xLeft)
                  11801ffc    00000004     (.common:CodecDataIn)
                  11802000    0000007c     (.common:xRight)
                  1180207c    00000004     (.common:CodecDataOut)

.fardata   0    11802080    00000088     UNINITIALIZED
                  11802080    0000007c     FIR30th.obj (.fardata:B)
                  118020fc    0000000c     rts6740_elf.lib : exit.obj (.fardata)

.neardata 
*          0    1180212c    00000004     UNINITIALIZED
                  1180212c    00000004     LCDK_Support_DSP.obj (.neardata)

.bss       0    11802120    0000000c     UNINITIALIZED
                  11802120    00000004     (.common:i)
                  11802124    00000004     (.common:yLeft)
                  11802128    00000004     (.common:yRight)

.cinit     0    11802130    000000d0     
                  11802130    00000089     (.cinit..fardata.load) [load image, compression = rle]
                  118021b9    0000000b     (.cinit..far.load) [load image, compression = rle]
                  118021c4    00000009     (.cinit..bss.load) [load image, compression = rle]
                  118021cd    00000009     (.cinit..neardata.load) [load image, compression = rle]
                  118021d6    00000002     --HOLE-- [fill = 0]
                  118021d8    00000008     (__TI_handler_table)
                  118021e0    00000020     (__TI_cinit_table)

.stack     0    11801b80    00000400     UNINITIALIZED
                  11801b80    00000008     rts6740_elf.lib : boot.obj (.stack)
                  11801b88    000003f8     --HOLE--

.text      0    11800200    00001980     
                  11800200    00000de0     LCDK_Support_DSP.obj (.text)
                  11800fe0    000002c0     FIRstereo_ISRs.obj (.text:retain)
                  118012a0    00000160     rts6740_elf.lib : autoinit.obj (.text:_auto_init_elf)
                  11801400    00000100                     : copy_decompress_rle.obj (.text:__TI_decompress_rle_core)
                  11801500    00000100                     : cpy_tbl.obj (.text:copy_in)
                  11801600    000000e0                     : exit.obj (.text:exit)
                  118016e0    000000e0                     : memset.obj (.text:memset)
                  118017c0    000000c0                     : divu.obj (.text:__divu)
                  11801880    000000c0                     : tls.obj (.text:tls:init:__TI_tls_init)
                  11801940    000000a0                     : memcpy64.obj (.text:memcpy)
                  118019e0    00000080                     : boot.obj (.text:_c_int00)
                  11801a60    00000040                     : args_main.obj (.text:_args_main)
                  11801aa0    00000020     StartUp.obj (.text)
                  11801ac0    00000020     rts6740_elf.lib : startup.obj (.text:_system_post_cinit)
                  11801ae0    00000020                     : pre_init.obj (.text:_system_pre_init)
                  11801b00    00000020                     : exit.obj (.text:abort)
                  11801b20    00000020                     : copy_decompress_none.obj (.text:decompress:none:__TI_decompress_none)
                  11801b40    00000020                     : copy_decompress_rle.obj (.text:decompress:rle24:__TI_decompress_rle24)
                  11801b60    00000020     main.obj (.text)

.switch    0    11802108    00000018     
                  11802108    00000018     LCDK_Support_DSP.obj (.switch:SetSampleRate_AIC3106)

MODULE SUMMARY

       Module                     code   ro data   rw data
       ------                     ----   -------   -------
    .\
       LCDK_Support_DSP.obj       3552   24        4      
       FIRstereo_ISRs.obj         704    0         268    
       vectors.obj                512    0         0      
       FIR30th.obj                0      0         124    
       StartUp.obj                32     0         0      
       main.obj                   32     0         0      
    +--+--------------------------+------+---------+---------+
       Total:                     4832   24        396    
                                                          
    C:/ProgramData/App-V/52EB7CA7-C912-4647-896C-AD7297F4555C/A88AFD82-1D4C-4381-87C8-2C47506DA387/Root/ccsv8/tools/compiler/ti-cgt-c6000_8.2.4/lib/rts6740_elf.lib
       autoinit.obj               352    0         0      
       copy_decompress_rle.obj    288    0         0      
       exit.obj                   256    0         12     
       cpy_tbl.obj                256    0         0      
       memset.obj                 224    0         0      
       divu.obj                   192    0         0      
       tls.obj                    192    0         0      
       memcpy64.obj               160    0         0      
       boot.obj                   128    0         0      
       args_main.obj              64     0         0      
       copy_decompress_none.obj   32     0         0      
       pre_init.obj               32     0         0      
       startup.obj                32     0         0      
    +--+--------------------------+------+---------+---------+
       Total:                     2208   0         12     
                                                          
       Stack:                     0      0         1024   
       Linker Generated:          0      206       0      
    +--+--------------------------+------+---------+---------+
       Grand Total:               7040   230       1432   


LINKER GENERATED COPY TABLES

__TI_cinit_table @ 118021e0 records: 4, size/record: 8, table size: 32
	.fardata: load addr=11802130, load size=00000089 bytes, run addr=11802080, run size=00000088 bytes, compression=rle
	.far: load addr=118021b9, load size=0000000b bytes, run addr=11801f80, run size=00000100 bytes, compression=rle
	.bss: load addr=118021c4, load size=00000009 bytes, run addr=11802120, run size=0000000c bytes, compression=rle
	.neardata: load addr=118021cd, load size=00000009 bytes, run addr=1180212c, run size=00000004 bytes, compression=rle


LINKER GENERATED HANDLER TABLE

__TI_handler_table @ 118021d8 records: 2, size/record: 4, table size: 8
	index: 0, handler: __TI_decompress_rle24
	index: 1, handler: __TI_decompress_none


GLOBAL SYMBOLS: SORTED ALPHABETICALLY BY Name 

address   name                           
-------   ----                           
118008f8  AIC3106_write_reg              
11802080  B                              
11801b00  C$$EXIT                        
11800694  CheckForOverrun                
11801ffc  CodecDataIn                    
1180207c  CodecDataOut                   
11800fe0  Codec_ISR                      
1180020c  DSP_Init                       
1180022c  DSP_Init_EDMA                  
1180042c  EnableInterrupts               
11800484  EnableInterrupts_EDMA          
11800200  GetSampleFreq                  
118003c4  InitDigitalOutputs             
1180024c  InitLEDs                       
118006c0  Init_AIC3106                   
118004f4  Init_I2C                       
118003f0  Init_Interrupts                
1180046c  Init_Interrupts_EDMA           
11800ab4  Init_McASP0                    
11800e34  Init_UART2                     
11800f74  IsDataReady_UART2              
11800fa0  IsTxReady_UART2                
11800f0c  Puts_UART2                     
1180064c  ReadCodecData                  
118003a8  ReadSwitches                   
11800f4c  Read_UART2                     
11800938  Reset_AIC3106                  
11800544  Reset_I2C                      
11800964  SetSampleRate_AIC3106          
11801aa0  StartUp                        
1180066c  WriteCodecData                 
118003d0  WriteDigitalOutputs            
118002c0  WriteLEDs                      
11800568  Write_I2C                      
11800ee0  Write_UART2                    
118021e0  __TI_CINIT_Base                
11802200  __TI_CINIT_Limit               
118021d8  __TI_Handler_Table_Base        
118021e0  __TI_Handler_Table_Limit       
UNDEFED   __TI_INITARRAY_Base            
UNDEFED   __TI_INITARRAY_Limit           
11801f80  __TI_STACK_END                 
00000400  __TI_STACK_SIZE                
11802120  __TI_STATIC_BASE               
UNDEFED   __TI_TLS_INIT_Base             
UNDEFED   __TI_TLS_INIT_Limit            
118020fc  __TI_cleanup_ptr               
11801b20  __TI_decompress_none           
11801b40  __TI_decompress_rle24          
11802100  __TI_dtors_ptr                 
11802104  __TI_enable_exit_profile_output
ffffffff  __TI_pprof_out_hndl            
ffffffff  __TI_prof_data_size            
ffffffff  __TI_prof_data_start           
11801880  __TI_tls_init                  
ffffffff  __binit__                      
118017c0  __c6xabi_divu                  
ffffffff  __c_args__                     
118017c0  __divu                         
11801a60  _args_main                     
118012a0  _auto_init_elf                 
118019e0  _c_int00                       
11801b80  _stack                         
11801ac0  _system_post_cinit             
11801ae0  _system_pre_init               
11801b00  abort                          
ffffffff  binit                          
11801500  copy_in                        
11801600  exit                           
11802120  i                              
11801b60  main                           
11801940  memcpy                         
118016e0  memset                         
118004c4  wait                           
11801f80  xLeft                          
11802000  xRight                         
11802124  yLeft                          
11802128  yRight                         


GLOBAL SYMBOLS: SORTED BY Symbol Address 

address   name                           
-------   ----                           
00000400  __TI_STACK_SIZE                
11800200  GetSampleFreq                  
1180020c  DSP_Init                       
1180022c  DSP_Init_EDMA                  
1180024c  InitLEDs                       
118002c0  WriteLEDs                      
118003a8  ReadSwitches                   
118003c4  InitDigitalOutputs             
118003d0  WriteDigitalOutputs            
118003f0  Init_Interrupts                
1180042c  EnableInterrupts               
1180046c  Init_Interrupts_EDMA           
11800484  EnableInterrupts_EDMA          
118004c4  wait                           
118004f4  Init_I2C                       
11800544  Reset_I2C                      
11800568  Write_I2C                      
1180064c  ReadCodecData                  
1180066c  WriteCodecData                 
11800694  CheckForOverrun                
118006c0  Init_AIC3106                   
118008f8  AIC3106_write_reg              
11800938  Reset_AIC3106                  
11800964  SetSampleRate_AIC3106          
11800ab4  Init_McASP0                    
11800e34  Init_UART2                     
11800ee0  Write_UART2                    
11800f0c  Puts_UART2                     
11800f4c  Read_UART2                     
11800f74  IsDataReady_UART2              
11800fa0  IsTxReady_UART2                
11800fe0  Codec_ISR                      
118012a0  _auto_init_elf                 
11801500  copy_in                        
11801600  exit                           
118016e0  memset                         
118017c0  __c6xabi_divu                  
118017c0  __divu                         
11801880  __TI_tls_init                  
11801940  memcpy                         
118019e0  _c_int00                       
11801a60  _args_main                     
11801aa0  StartUp                        
11801ac0  _system_post_cinit             
11801ae0  _system_pre_init               
11801b00  C$$EXIT                        
11801b00  abort                          
11801b20  __TI_decompress_none           
11801b40  __TI_decompress_rle24          
11801b60  main                           
11801b80  _stack                         
11801f80  __TI_STACK_END                 
11801f80  xLeft                          
11801ffc  CodecDataIn                    
11802000  xRight                         
1180207c  CodecDataOut                   
11802080  B                              
118020fc  __TI_cleanup_ptr               
11802100  __TI_dtors_ptr                 
11802104  __TI_enable_exit_profile_output
11802120  __TI_STATIC_BASE               
11802120  i                              
11802124  yLeft                          
11802128  yRight                         
118021d8  __TI_Handler_Table_Base        
118021e0  __TI_CINIT_Base                
118021e0  __TI_Handler_Table_Limit       
11802200  __TI_CINIT_Limit               
ffffffff  __TI_pprof_out_hndl            
ffffffff  __TI_prof_data_size            
ffffffff  __TI_prof_data_start           
ffffffff  __binit__                      
ffffffff  __c_args__                     
ffffffff  binit                          
UNDEFED   __TI_INITARRAY_Base            
UNDEFED   __TI_INITARRAY_Limit           
UNDEFED   __TI_TLS_INIT_Base             
UNDEFED   __TI_TLS_INIT_Limit            

[78 symbols]
