******************************************************************************
               TMS320C6x Linker PC v8.2.4                      
******************************************************************************
>> Linked Thu Oct 31 13:32:48 2019

OUTPUT FILE NAME:   <4thDF2TIIRFrame.out>
ENTRY POINT SYMBOL: "_c_int00"  address: 11801720


MEMORY CONFIGURATION

         name            origin    length      used     unused   attr    fill
----------------------  --------  ---------  --------  --------  ----  --------
  VECTORS               11800000   00000200  00000200  00000000  RWIX
  DSPRAM                11800200   0003fe00  00001ba0  0003e260  RWIX
  SHAREDRAM             80000000   00020000  00000000  00020000  RWIX
  SDRAM                 c0000000   08000000  00000000  08000000  RWIX


SEGMENT ALLOCATION MAP

run origin  load origin   length   init length attrs members
----------  ----------- ---------- ----------- ----- -------
11800000    11800000    00001940   00001940    r-x
  11800000    11800000    00000200   00000200    r-x vectors
  11800200    11800200    00001740   00001740    r-x .text
11801940    11801940    00000400   00000000    rw-
  11801940    11801940    00000400   00000000    rw- .stack
11801d40    11801d40    00000018   00000018    r--
  11801d40    11801d40    00000018   00000018    r-- .switch
11801d58    11801d58    00000018   00000000    rw-
  11801d58    11801d58    0000000c   00000000    rw- .fardata
  11801d64    11801d64    0000000c   00000000    rw- .neardata
11801d70    11801d70    00000030   00000030    r--
  11801d70    11801d70    00000030   00000030    r-- .cinit


SECTION ALLOCATION MAP

 output                                  attributes/
section   page    origin      length       input sections
--------  ----  ----------  ----------   ----------------
vectors    0    11800000    00000200     
                  11800000    00000200     vectors_EDMA.obj (vectors)

.neardata 
*          0    11801d64    0000000c     UNINITIALIZED
                  11801d64    00000006     ISRs.obj (.neardata)
                  11801d6a    00000002     --HOLE--
                  11801d6c    00000004     LCDK_Support_DSP.obj (.neardata)

.cinit     0    11801d70    00000030     
                  11801d70    0000000d     (.cinit..fardata.load) [load image, compression = rle]
                  11801d7d    00000009     (.cinit..neardata.load) [load image, compression = rle]
                  11801d86    00000002     --HOLE-- [fill = 0]
                  11801d88    00000008     (__TI_handler_table)
                  11801d90    00000010     (__TI_cinit_table)

.stack     0    11801940    00000400     UNINITIALIZED
                  11801940    00000008     rts6740_elf.lib : boot.obj (.stack)
                  11801948    000003f8     --HOLE--

.text      0    11800200    00001740     
                  11800200    00000de0     LCDK_Support_DSP.obj (.text)
                  11800fe0    00000160     rts6740_elf.lib : autoinit.obj (.text:_auto_init_elf)
                  11801140    00000100                     : copy_decompress_rle.obj (.text:__TI_decompress_rle_core)
                  11801240    00000100                     : cpy_tbl.obj (.text:copy_in)
                  11801340    000000e0                     : exit.obj (.text:exit)
                  11801420    000000e0                     : memset.obj (.text:memset)
                  11801500    000000c0                     : divu.obj (.text:__divu)
                  118015c0    000000c0                     : tls.obj (.text:tls:init:__TI_tls_init)
                  11801680    000000a0                     : memcpy64.obj (.text:memcpy)
                  11801720    00000080                     : boot.obj (.text:_c_int00)
                  118017a0    00000080     ISRs.obj (.text:retain)
                  11801820    00000040     rts6740_elf.lib : args_main.obj (.text:_args_main)
                  11801860    00000020     StartUp.obj (.text)
                  11801880    00000020     rts6740_elf.lib : startup.obj (.text:_system_post_cinit)
                  118018a0    00000020                     : pre_init.obj (.text:_system_pre_init)
                  118018c0    00000020                     : exit.obj (.text:abort)
                  118018e0    00000020                     : copy_decompress_none.obj (.text:decompress:none:__TI_decompress_none)
                  11801900    00000020                     : copy_decompress_rle.obj (.text:decompress:rle24:__TI_decompress_rle24)
                  11801920    00000020     main.obj (.text)

.switch    0    11801d40    00000018     
                  11801d40    00000018     LCDK_Support_DSP.obj (.switch:SetSampleRate_AIC3106)

.fardata   0    11801d58    0000000c     UNINITIALIZED
                  11801d58    0000000c     rts6740_elf.lib : exit.obj (.fardata)

MODULE SUMMARY

       Module                     code   ro data   rw data
       ------                     ----   -------   -------
    .\
       LCDK_Support_DSP.obj       3552   24        4      
       vectors_EDMA.obj           512    0         0      
       ISRs.obj                   128    0         6      
       StartUp.obj                32     0         0      
       main.obj                   32     0         0      
    +--+--------------------------+------+---------+---------+
       Total:                     4256   24        10     
                                                          
    C:/ProgramData/App-V/52EB7CA7-C912-4647-896C-AD7297F4555C/A88AFD82-1D4C-4381-87C8-2C47506DA387/Root/ccsv8/tools/compiler/ti-cgt-c6000_8.2.4/lib/rts6740_elf.lib
       autoinit.obj               352    0         0      
       copy_decompress_rle.obj    288    0         0      
       exit.obj                   256    0         12     
       cpy_tbl.obj                256    0         0      
       memset.obj                 224    0         0      
       divu.obj                   192    0         0      
       tls.obj                    192    0         0      
       memcpy64.obj               160    0         0      
       boot.obj                   128    0         0      
       args_main.obj              64     0         0      
       copy_decompress_none.obj   32     0         0      
       pre_init.obj               32     0         0      
       startup.obj                32     0         0      
    +--+--------------------------+------+---------+---------+
       Total:                     2208   0         12     
                                                          
       Stack:                     0      0         1024   
       Linker Generated:          0      46        0      
    +--+--------------------------+------+---------+---------+
       Grand Total:               6464   70        1046   


LINKER GENERATED COPY TABLES

__TI_cinit_table @ 11801d90 records: 2, size/record: 8, table size: 16
	.fardata: load addr=11801d70, load size=0000000d bytes, run addr=11801d58, run size=0000000c bytes, compression=rle
	.neardata: load addr=11801d7d, load size=00000009 bytes, run addr=11801d64, run size=0000000c bytes, compression=rle


LINKER GENERATED HANDLER TABLE

__TI_handler_table @ 11801d88 records: 2, size/record: 4, table size: 8
	index: 0, handler: __TI_decompress_rle24
	index: 1, handler: __TI_decompress_none


GLOBAL SYMBOLS: SORTED ALPHABETICALLY BY Name 

address   name                           
-------   ----                           
118008f8  AIC3106_write_reg              
118018c0  C$$EXIT                        
11800694  CheckForOverrun                
1180020c  DSP_Init                       
1180022c  DSP_Init_EDMA                  
118017a0  EDMA_ISR                       
1180042c  EnableInterrupts               
11800484  EnableInterrupts_EDMA          
11800200  GetSampleFreq                  
118003c4  InitDigitalOutputs             
1180024c  InitLEDs                       
118006c0  Init_AIC3106                   
118004f4  Init_I2C                       
118003f0  Init_Interrupts                
1180046c  Init_Interrupts_EDMA           
11800ab4  Init_McASP0                    
11800e34  Init_UART2                     
11800f74  IsDataReady_UART2              
11800fa0  IsTxReady_UART2                
11800f0c  Puts_UART2                     
1180064c  ReadCodecData                  
118003a8  ReadSwitches                   
11800f4c  Read_UART2                     
11800938  Reset_AIC3106                  
11800544  Reset_I2C                      
11800964  SetSampleRate_AIC3106          
11801860  StartUp                        
1180066c  WriteCodecData                 
118003d0  WriteDigitalOutputs            
118002c0  WriteLEDs                      
11800568  Write_I2C                      
11800ee0  Write_UART2                    
11801d90  __TI_CINIT_Base                
11801da0  __TI_CINIT_Limit               
11801d88  __TI_Handler_Table_Base        
11801d90  __TI_Handler_Table_Limit       
UNDEFED   __TI_INITARRAY_Base            
UNDEFED   __TI_INITARRAY_Limit           
11801d40  __TI_STACK_END                 
00000400  __TI_STACK_SIZE                
11801d64  __TI_STATIC_BASE               
UNDEFED   __TI_TLS_INIT_Base             
UNDEFED   __TI_TLS_INIT_Limit            
11801d58  __TI_cleanup_ptr               
118018e0  __TI_decompress_none           
11801900  __TI_decompress_rle24          
11801d5c  __TI_dtors_ptr                 
11801d60  __TI_enable_exit_profile_output
ffffffff  __TI_pprof_out_hndl            
ffffffff  __TI_prof_data_size            
ffffffff  __TI_prof_data_start           
118015c0  __TI_tls_init                  
ffffffff  __binit__                      
11801500  __c6xabi_divu                  
ffffffff  __c_args__                     
11801500  __divu                         
11801820  _args_main                     
11800fe0  _auto_init_elf                 
11801720  _c_int00                       
11801940  _stack                         
11801880  _system_post_cinit             
118018a0  _system_pre_init               
118018c0  abort                          
ffffffff  binit                          
11801d64  buffer_ready                   
11801240  copy_in                        
11801340  exit                           
11801920  main                           
11801680  memcpy                         
11801420  memset                         
11801d66  over_run                       
11801d68  ready_index                    
118004c4  wait                           


GLOBAL SYMBOLS: SORTED BY Symbol Address 

address   name                           
-------   ----                           
00000400  __TI_STACK_SIZE                
11800200  GetSampleFreq                  
1180020c  DSP_Init                       
1180022c  DSP_Init_EDMA                  
1180024c  InitLEDs                       
118002c0  WriteLEDs                      
118003a8  ReadSwitches                   
118003c4  InitDigitalOutputs             
118003d0  WriteDigitalOutputs            
118003f0  Init_Interrupts                
1180042c  EnableInterrupts               
1180046c  Init_Interrupts_EDMA           
11800484  EnableInterrupts_EDMA          
118004c4  wait                           
118004f4  Init_I2C                       
11800544  Reset_I2C                      
11800568  Write_I2C                      
1180064c  ReadCodecData                  
1180066c  WriteCodecData                 
11800694  CheckForOverrun                
118006c0  Init_AIC3106                   
118008f8  AIC3106_write_reg              
11800938  Reset_AIC3106                  
11800964  SetSampleRate_AIC3106          
11800ab4  Init_McASP0                    
11800e34  Init_UART2                     
11800ee0  Write_UART2                    
11800f0c  Puts_UART2                     
11800f4c  Read_UART2                     
11800f74  IsDataReady_UART2              
11800fa0  IsTxReady_UART2                
11800fe0  _auto_init_elf                 
11801240  copy_in                        
11801340  exit                           
11801420  memset                         
11801500  __c6xabi_divu                  
11801500  __divu                         
118015c0  __TI_tls_init                  
11801680  memcpy                         
11801720  _c_int00                       
118017a0  EDMA_ISR                       
11801820  _args_main                     
11801860  StartUp                        
11801880  _system_post_cinit             
118018a0  _system_pre_init               
118018c0  C$$EXIT                        
118018c0  abort                          
118018e0  __TI_decompress_none           
11801900  __TI_decompress_rle24          
11801920  main                           
11801940  _stack                         
11801d40  __TI_STACK_END                 
11801d58  __TI_cleanup_ptr               
11801d5c  __TI_dtors_ptr                 
11801d60  __TI_enable_exit_profile_output
11801d64  __TI_STATIC_BASE               
11801d64  buffer_ready                   
11801d66  over_run                       
11801d68  ready_index                    
11801d88  __TI_Handler_Table_Base        
11801d90  __TI_CINIT_Base                
11801d90  __TI_Handler_Table_Limit       
11801da0  __TI_CINIT_Limit               
ffffffff  __TI_pprof_out_hndl            
ffffffff  __TI_prof_data_size            
ffffffff  __TI_prof_data_start           
ffffffff  __binit__                      
ffffffff  __c_args__                     
ffffffff  binit                          
UNDEFED   __TI_INITARRAY_Base            
UNDEFED   __TI_INITARRAY_Limit           
UNDEFED   __TI_TLS_INIT_Base             
UNDEFED   __TI_TLS_INIT_Limit            

[73 symbols]
