******************************************************************************
               TMS320C6x Linker PC v8.2.4                      
******************************************************************************
>> Linked Tue Oct 22 13:28:29 2019

OUTPUT FILE NAME:   <DFIITIIR4th.out>
ENTRY POINT SYMBOL: "_c_int00"  address: 11801a20


MEMORY CONFIGURATION

         name            origin    length      used     unused   attr    fill
----------------------  --------  ---------  --------  --------  ----  --------
  VECTORS               11800000   00000200  00000200  00000000  RWIX
  DSPRAM                11800200   0003fe00  00001ed4  0003df2c  RWIX
  SHAREDRAM             80000000   00020000  00000000  00020000  RWIX
  SDRAM                 c0000000   08000000  00000000  08000000  RWIX


SEGMENT ALLOCATION MAP

run origin  load origin   length   init length attrs members
----------  ----------- ---------- ----------- ----- -------
11800000    11800000    00001bc0   00001bc0    r-x
  11800000    11800000    00000200   00000200    r-x vectors
  11800200    11800200    000019c0   000019c0    r-x .text
11801bc0    11801bc0    00000470   00000000    rw-
  11801bc0    11801bc0    00000400   00000000    rw- .stack
  11801fc0    11801fc0    00000038   00000000    rw- .far
  11801ff8    11801ff8    00000038   00000000    rw- .fardata
11802030    11802030    00000018   00000018    r--
  11802030    11802030    00000018   00000018    r-- .switch
11802048    11802048    0000000c   00000000    rw-
  11802048    11802048    00000008   00000000    rw- .bss
  11802050    11802050    00000004   00000000    rw- .neardata
11802058    11802058    00000080   00000080    r--
  11802058    11802058    00000080   00000080    r-- .cinit


SECTION ALLOCATION MAP

 output                                  attributes/
section   page    origin      length       input sections
--------  ----  ----------  ----------   ----------------
vectors    0    11800000    00000200     
                  11800000    00000200     vectors.obj (vectors)

.far       0    11801fc0    00000038     UNINITIALIZED
                  11801fc0    00000018     (.common:xLeft)
                  11801fd8    00000018     (.common:xRight)
                  11801ff0    00000004     (.common:CodecDataIn)
                  11801ff4    00000004     (.common:CodecDataOut)

.fardata   0    11801ff8    00000038     UNINITIALIZED
                  11801ff8    00000014     DFIITIIR4th.obj (.fardata:A)
                  1180200c    00000004     --HOLE--
                  11802010    00000014     DFIITIIR4th.obj (.fardata:B)
                  11802024    0000000c     rts6740_elf.lib : exit.obj (.fardata)

.neardata 
*          0    11802050    00000004     UNINITIALIZED
                  11802050    00000004     LCDK_Support_DSP.obj (.neardata)

.bss       0    11802048    00000008     UNINITIALIZED
                  11802048    00000004     (.common:yLeft)
                  1180204c    00000004     (.common:yRight)

.cinit     0    11802058    00000080     
                  11802058    00000038     (.cinit..fardata.load) [load image, compression = rle]
                  11802090    00000009     (.cinit..bss.load) [load image, compression = rle]
                  11802099    00000009     (.cinit..far.load) [load image, compression = rle]
                  118020a2    00000009     (.cinit..neardata.load) [load image, compression = rle]
                  118020ab    00000001     --HOLE-- [fill = 0]
                  118020ac    00000008     (__TI_handler_table)
                  118020b4    00000004     --HOLE-- [fill = 0]
                  118020b8    00000020     (__TI_cinit_table)

.stack     0    11801bc0    00000400     UNINITIALIZED
                  11801bc0    00000008     rts6740_elf.lib : boot.obj (.stack)
                  11801bc8    000003f8     --HOLE--

.text      0    11800200    000019c0     
                  11800200    00000de0     LCDK_Support_DSP.obj (.text)
                  11800fe0    00000300     IIRmono_ISRs.obj (.text:retain)
                  118012e0    00000160     rts6740_elf.lib : autoinit.obj (.text:_auto_init_elf)
                  11801440    00000100                     : copy_decompress_rle.obj (.text:__TI_decompress_rle_core)
                  11801540    00000100                     : cpy_tbl.obj (.text:copy_in)
                  11801640    000000e0                     : exit.obj (.text:exit)
                  11801720    000000e0                     : memset.obj (.text:memset)
                  11801800    000000c0                     : divu.obj (.text:__divu)
                  118018c0    000000c0                     : tls.obj (.text:tls:init:__TI_tls_init)
                  11801980    000000a0                     : memcpy64.obj (.text:memcpy)
                  11801a20    00000080                     : boot.obj (.text:_c_int00)
                  11801aa0    00000040                     : args_main.obj (.text:_args_main)
                  11801ae0    00000020     StartUp.obj (.text)
                  11801b00    00000020     rts6740_elf.lib : startup.obj (.text:_system_post_cinit)
                  11801b20    00000020                     : pre_init.obj (.text:_system_pre_init)
                  11801b40    00000020                     : exit.obj (.text:abort)
                  11801b60    00000020                     : copy_decompress_none.obj (.text:decompress:none:__TI_decompress_none)
                  11801b80    00000020                     : copy_decompress_rle.obj (.text:decompress:rle24:__TI_decompress_rle24)
                  11801ba0    00000020     main.obj (.text)

.switch    0    11802030    00000018     
                  11802030    00000018     LCDK_Support_DSP.obj (.switch:SetSampleRate_AIC3106)

MODULE SUMMARY

       Module                     code   ro data   rw data
       ------                     ----   -------   -------
    .\
       LCDK_Support_DSP.obj       3552   24        4      
       IIRmono_ISRs.obj           768    0         64     
       vectors.obj                512    0         0      
       DFIITIIR4th.obj            0      0         40     
       StartUp.obj                32     0         0      
       main.obj                   32     0         0      
    +--+--------------------------+------+---------+---------+
       Total:                     4896   24        108    
                                                          
    C:/ProgramData/App-V/52EB7CA7-C912-4647-896C-AD7297F4555C/A88AFD82-1D4C-4381-87C8-2C47506DA387/Root/ccsv8/tools/compiler/ti-cgt-c6000_8.2.4/lib/rts6740_elf.lib
       autoinit.obj               352    0         0      
       copy_decompress_rle.obj    288    0         0      
       exit.obj                   256    0         12     
       cpy_tbl.obj                256    0         0      
       memset.obj                 224    0         0      
       divu.obj                   192    0         0      
       tls.obj                    192    0         0      
       memcpy64.obj               160    0         0      
       boot.obj                   128    0         0      
       args_main.obj              64     0         0      
       copy_decompress_none.obj   32     0         0      
       pre_init.obj               32     0         0      
       startup.obj                32     0         0      
    +--+--------------------------+------+---------+---------+
       Total:                     2208   0         12     
                                                          
       Stack:                     0      0         1024   
       Linker Generated:          0      123       0      
    +--+--------------------------+------+---------+---------+
       Grand Total:               7104   147       1144   


LINKER GENERATED COPY TABLES

__TI_cinit_table @ 118020b8 records: 4, size/record: 8, table size: 32
	.fardata: load addr=11802058, load size=00000038 bytes, run addr=11801ff8, run size=00000038 bytes, compression=rle
	.bss: load addr=11802090, load size=00000009 bytes, run addr=11802048, run size=00000008 bytes, compression=rle
	.far: load addr=11802099, load size=00000009 bytes, run addr=11801fc0, run size=00000038 bytes, compression=rle
	.neardata: load addr=118020a2, load size=00000009 bytes, run addr=11802050, run size=00000004 bytes, compression=rle


LINKER GENERATED HANDLER TABLE

__TI_handler_table @ 118020ac records: 2, size/record: 4, table size: 8
	index: 0, handler: __TI_decompress_rle24
	index: 1, handler: __TI_decompress_none


GLOBAL SYMBOLS: SORTED ALPHABETICALLY BY Name 

address   name                           
-------   ----                           
11801ff8  A                              
118008f8  AIC3106_write_reg              
11802010  B                              
11801b40  C$$EXIT                        
11800694  CheckForOverrun                
11801ff0  CodecDataIn                    
11801ff4  CodecDataOut                   
11800fe0  Codec_ISR                      
1180020c  DSP_Init                       
1180022c  DSP_Init_EDMA                  
1180042c  EnableInterrupts               
11800484  EnableInterrupts_EDMA          
11800200  GetSampleFreq                  
118003c4  InitDigitalOutputs             
1180024c  InitLEDs                       
118006c0  Init_AIC3106                   
118004f4  Init_I2C                       
118003f0  Init_Interrupts                
1180046c  Init_Interrupts_EDMA           
11800ab4  Init_McASP0                    
11800e34  Init_UART2                     
11800f74  IsDataReady_UART2              
11800fa0  IsTxReady_UART2                
11800f0c  Puts_UART2                     
1180064c  ReadCodecData                  
118003a8  ReadSwitches                   
11800f4c  Read_UART2                     
11800938  Reset_AIC3106                  
11800544  Reset_I2C                      
11800964  SetSampleRate_AIC3106          
11801ae0  StartUp                        
1180066c  WriteCodecData                 
118003d0  WriteDigitalOutputs            
118002c0  WriteLEDs                      
11800568  Write_I2C                      
11800ee0  Write_UART2                    
118020b8  __TI_CINIT_Base                
118020d8  __TI_CINIT_Limit               
118020ac  __TI_Handler_Table_Base        
118020b4  __TI_Handler_Table_Limit       
UNDEFED   __TI_INITARRAY_Base            
UNDEFED   __TI_INITARRAY_Limit           
11801fc0  __TI_STACK_END                 
00000400  __TI_STACK_SIZE                
11802048  __TI_STATIC_BASE               
UNDEFED   __TI_TLS_INIT_Base             
UNDEFED   __TI_TLS_INIT_Limit            
11802024  __TI_cleanup_ptr               
11801b60  __TI_decompress_none           
11801b80  __TI_decompress_rle24          
11802028  __TI_dtors_ptr                 
1180202c  __TI_enable_exit_profile_output
ffffffff  __TI_pprof_out_hndl            
ffffffff  __TI_prof_data_size            
ffffffff  __TI_prof_data_start           
118018c0  __TI_tls_init                  
ffffffff  __binit__                      
11801800  __c6xabi_divu                  
ffffffff  __c_args__                     
11801800  __divu                         
11801aa0  _args_main                     
118012e0  _auto_init_elf                 
11801a20  _c_int00                       
11801bc0  _stack                         
11801b00  _system_post_cinit             
11801b20  _system_pre_init               
11801b40  abort                          
ffffffff  binit                          
11801540  copy_in                        
11801640  exit                           
11801ba0  main                           
11801980  memcpy                         
11801720  memset                         
118004c4  wait                           
11801fc0  xLeft                          
11801fd8  xRight                         
11802048  yLeft                          
1180204c  yRight                         


GLOBAL SYMBOLS: SORTED BY Symbol Address 

address   name                           
-------   ----                           
00000400  __TI_STACK_SIZE                
11800200  GetSampleFreq                  
1180020c  DSP_Init                       
1180022c  DSP_Init_EDMA                  
1180024c  InitLEDs                       
118002c0  WriteLEDs                      
118003a8  ReadSwitches                   
118003c4  InitDigitalOutputs             
118003d0  WriteDigitalOutputs            
118003f0  Init_Interrupts                
1180042c  EnableInterrupts               
1180046c  Init_Interrupts_EDMA           
11800484  EnableInterrupts_EDMA          
118004c4  wait                           
118004f4  Init_I2C                       
11800544  Reset_I2C                      
11800568  Write_I2C                      
1180064c  ReadCodecData                  
1180066c  WriteCodecData                 
11800694  CheckForOverrun                
118006c0  Init_AIC3106                   
118008f8  AIC3106_write_reg              
11800938  Reset_AIC3106                  
11800964  SetSampleRate_AIC3106          
11800ab4  Init_McASP0                    
11800e34  Init_UART2                     
11800ee0  Write_UART2                    
11800f0c  Puts_UART2                     
11800f4c  Read_UART2                     
11800f74  IsDataReady_UART2              
11800fa0  IsTxReady_UART2                
11800fe0  Codec_ISR                      
118012e0  _auto_init_elf                 
11801540  copy_in                        
11801640  exit                           
11801720  memset                         
11801800  __c6xabi_divu                  
11801800  __divu                         
118018c0  __TI_tls_init                  
11801980  memcpy                         
11801a20  _c_int00                       
11801aa0  _args_main                     
11801ae0  StartUp                        
11801b00  _system_post_cinit             
11801b20  _system_pre_init               
11801b40  C$$EXIT                        
11801b40  abort                          
11801b60  __TI_decompress_none           
11801b80  __TI_decompress_rle24          
11801ba0  main                           
11801bc0  _stack                         
11801fc0  __TI_STACK_END                 
11801fc0  xLeft                          
11801fd8  xRight                         
11801ff0  CodecDataIn                    
11801ff4  CodecDataOut                   
11801ff8  A                              
11802010  B                              
11802024  __TI_cleanup_ptr               
11802028  __TI_dtors_ptr                 
1180202c  __TI_enable_exit_profile_output
11802048  __TI_STATIC_BASE               
11802048  yLeft                          
1180204c  yRight                         
118020ac  __TI_Handler_Table_Base        
118020b4  __TI_Handler_Table_Limit       
118020b8  __TI_CINIT_Base                
118020d8  __TI_CINIT_Limit               
ffffffff  __TI_pprof_out_hndl            
ffffffff  __TI_prof_data_size            
ffffffff  __TI_prof_data_start           
ffffffff  __binit__                      
ffffffff  __c_args__                     
ffffffff  binit                          
UNDEFED   __TI_INITARRAY_Base            
UNDEFED   __TI_INITARRAY_Limit           
UNDEFED   __TI_TLS_INIT_Base             
UNDEFED   __TI_TLS_INIT_Limit            

[78 symbols]
