******************************************************************************
               TMS320C6x Linker PC v8.2.4                      
******************************************************************************
>> Linked Tue Oct 22 14:10:54 2019

OUTPUT FILE NAME:   <FIR32nd.out>
ENTRY POINT SYMBOL: "_c_int00"  address: 11801d60


MEMORY CONFIGURATION

         name            origin    length      used     unused   attr    fill
----------------------  --------  ---------  --------  --------  ----  --------
  VECTORS               11800000   00000200  00000200  00000000  RWIX
  DSPRAM                11800200   0003fe00  00002808  0003d5f8  RWIX
  SHAREDRAM             80000000   00020000  00000000  00020000  RWIX
  SDRAM                 c0000000   08000000  00000600  07fffa00  RWIX


SEGMENT ALLOCATION MAP

run origin  load origin   length   init length attrs members
----------  ----------- ---------- ----------- ----- -------
11800000    11800000    00001f80   00001f80    r-x
  11800000    11800000    00000200   00000200    r-x vectors
  11800200    11800200    00001d80   00001d80    r-x .text
11801f80    11801f80    00000998   00000000    rw-
  11801f80    11801f80    00000594   00000000    rw- .fardata
  11802518    11802518    00000400   00000000    rw- .stack
11802918    11802918    00000018   00000018    r--
  11802918    11802918    00000018   00000018    r-- .switch
11802930    11802930    0000000c   00000000    rw-
  11802930    11802930    0000000c   00000000    rw- .neardata
11802940    11802940    000000d0   000000d0    r--
  11802940    11802940    000000d0   000000d0    r-- .cinit
c0000000    c0000000    00000600   00000000    rw-
  c0000000    c0000000    00000600   00000000    rw- CE0


SECTION ALLOCATION MAP

 output                                  attributes/
section   page    origin      length       input sections
--------  ----  ----------  ----------   ----------------
vectors    0    11800000    00000200     
                  11800000    00000200     vectors_EDMA.obj (vectors)

.neardata 
*          0    11802930    0000000c     UNINITIALIZED
                  11802930    00000006     ISRs.obj (.neardata)
                  11802936    00000002     --HOLE--
                  11802938    00000004     LCDK_Support_DSP.obj (.neardata)

.cinit     0    11802940    000000d0     
                  11802940    00000096     (.cinit..fardata.load) [load image, compression = rle]
                  118029d6    0000000b     (.cinit.CE0.load) [load image, compression = rle]
                  118029e1    00000009     (.cinit..neardata.load) [load image, compression = rle]
                  118029ea    00000002     --HOLE-- [fill = 0]
                  118029ec    00000008     (__TI_handler_table)
                  118029f4    00000004     --HOLE-- [fill = 0]
                  118029f8    00000018     (__TI_cinit_table)

.stack     0    11802518    00000400     UNINITIALIZED
                  11802518    00000008     rts6740_elf.lib : boot.obj (.stack)
                  11802520    000003f8     --HOLE--

.text      0    11800200    00001d80     
                  11800200    00000de0     LCDK_Support_DSP.obj (.text)
                  11800fe0    00000640     ISRs.obj (.text)
                  11801620    00000160     rts6740_elf.lib : autoinit.obj (.text:_auto_init_elf)
                  11801780    00000100                     : copy_decompress_rle.obj (.text:__TI_decompress_rle_core)
                  11801880    00000100                     : cpy_tbl.obj (.text:copy_in)
                  11801980    000000e0                     : exit.obj (.text:exit)
                  11801a60    000000e0                     : memset.obj (.text:memset)
                  11801b40    000000c0                     : divu.obj (.text:__divu)
                  11801c00    000000c0                     : tls.obj (.text:tls:init:__TI_tls_init)
                  11801cc0    000000a0                     : memcpy64.obj (.text:memcpy)
                  11801d60    00000080                     : boot.obj (.text:_c_int00)
                  11801de0    00000080     ISRs.obj (.text:retain)
                  11801e60    00000040     rts6740_elf.lib : args_main.obj (.text:_args_main)
                  11801ea0    00000040     main.obj (.text)
                  11801ee0    00000020     rts6740_elf.lib : startup.obj (.text:_system_post_cinit)
                  11801f00    00000020                     : pre_init.obj (.text:_system_pre_init)
                  11801f20    00000020                     : exit.obj (.text:abort)
                  11801f40    00000020                     : copy_decompress_none.obj (.text:decompress:none:__TI_decompress_none)
                  11801f60    00000020                     : copy_decompress_rle.obj (.text:decompress:rle24:__TI_decompress_rle24)

.switch    0    11802918    00000018     
                  11802918    00000018     LCDK_Support_DSP.obj (.switch:SetSampleRate_AIC3106)

.fardata   0    11801f80    00000594     UNINITIALIZED
                  11801f80    00000280     ISRs.obj (.fardata:Left$1)
                  11802200    00000280     ISRs.obj (.fardata:Right$2)
                  11802480    00000088     FIR32nd.obj (.fardata:B)
                  11802508    0000000c     rts6740_elf.lib : exit.obj (.fardata)

CE0        0    c0000000    00000600     UNINITIALIZED
                  c0000000    00000600     ISRs.obj (CE0)

MODULE SUMMARY

       Module                     code   ro data   rw data
       ------                     ----   -------   -------
    .\
       ISRs.obj                   1728   0         2822   
       LCDK_Support_DSP.obj       3552   24        4      
       vectors_EDMA.obj           512    0         0      
       FIR32nd.obj                0      0         136    
       main.obj                   64     0         0      
    +--+--------------------------+------+---------+---------+
       Total:                     5856   24        2962   
                                                          
    C:/ProgramData/App-V/52EB7CA7-C912-4647-896C-AD7297F4555C/A88AFD82-1D4C-4381-87C8-2C47506DA387/Root/ccsv8/tools/compiler/ti-cgt-c6000_8.2.4/lib/rts6740_elf.lib
       autoinit.obj               352    0         0      
       copy_decompress_rle.obj    288    0         0      
       exit.obj                   256    0         12     
       cpy_tbl.obj                256    0         0      
       memset.obj                 224    0         0      
       divu.obj                   192    0         0      
       tls.obj                    192    0         0      
       memcpy64.obj               160    0         0      
       boot.obj                   128    0         0      
       args_main.obj              64     0         0      
       copy_decompress_none.obj   32     0         0      
       pre_init.obj               32     0         0      
       startup.obj                32     0         0      
    +--+--------------------------+------+---------+---------+
       Total:                     2208   0         12     
                                                          
       Stack:                     0      0         1024   
       Linker Generated:          0      202       0      
    +--+--------------------------+------+---------+---------+
       Grand Total:               8064   226       3998   


LINKER GENERATED COPY TABLES

__TI_cinit_table @ 118029f8 records: 3, size/record: 8, table size: 24
	.fardata: load addr=11802940, load size=00000096 bytes, run addr=11801f80, run size=00000594 bytes, compression=rle
	CE0: load addr=118029d6, load size=0000000b bytes, run addr=c0000000, run size=00000600 bytes, compression=rle
	.neardata: load addr=118029e1, load size=00000009 bytes, run addr=11802930, run size=0000000c bytes, compression=rle


LINKER GENERATED HANDLER TABLE

__TI_handler_table @ 118029ec records: 2, size/record: 4, table size: 8
	index: 0, handler: __TI_decompress_rle24
	index: 1, handler: __TI_decompress_none


GLOBAL SYMBOLS: SORTED ALPHABETICALLY BY Name 

address   name                           
-------   ----                           
118008f8  AIC3106_write_reg              
11802480  B                              
11801f20  C$$EXIT                        
11800694  CheckForOverrun                
1180020c  DSP_Init                       
1180022c  DSP_Init_EDMA                  
11801de0  EDMA_ISR                       
11800fe0  EDMA_Init                      
1180042c  EnableInterrupts               
11800484  EnableInterrupts_EDMA          
11800200  GetSampleFreq                  
118003c4  InitDigitalOutputs             
1180024c  InitLEDs                       
118006c0  Init_AIC3106                   
118004f4  Init_I2C                       
118003f0  Init_Interrupts                
1180046c  Init_Interrupts_EDMA           
11800ab4  Init_McASP0                    
11800e34  Init_UART2                     
118015f4  IsBufferReady                  
11800f74  IsDataReady_UART2              
11801604  IsOverRun                      
11800fa0  IsTxReady_UART2                
118013e0  ProcessBuffer                  
11800f0c  Puts_UART2                     
1180064c  ReadCodecData                  
118003a8  ReadSwitches                   
11800f4c  Read_UART2                     
11800938  Reset_AIC3106                  
11800544  Reset_I2C                      
11800964  SetSampleRate_AIC3106          
1180066c  WriteCodecData                 
118003d0  WriteDigitalOutputs            
118002c0  WriteLEDs                      
11800568  Write_I2C                      
11800ee0  Write_UART2                    
1180138c  ZeroBuffers                    
118029f8  __TI_CINIT_Base                
11802a10  __TI_CINIT_Limit               
118029ec  __TI_Handler_Table_Base        
118029f4  __TI_Handler_Table_Limit       
UNDEFED   __TI_INITARRAY_Base            
UNDEFED   __TI_INITARRAY_Limit           
11802918  __TI_STACK_END                 
00000400  __TI_STACK_SIZE                
11802930  __TI_STATIC_BASE               
UNDEFED   __TI_TLS_INIT_Base             
UNDEFED   __TI_TLS_INIT_Limit            
11802508  __TI_cleanup_ptr               
11801f40  __TI_decompress_none           
11801f60  __TI_decompress_rle24          
1180250c  __TI_dtors_ptr                 
11802510  __TI_enable_exit_profile_output
ffffffff  __TI_pprof_out_hndl            
ffffffff  __TI_prof_data_size            
ffffffff  __TI_prof_data_start           
11801c00  __TI_tls_init                  
ffffffff  __binit__                      
11801b40  __c6xabi_divu                  
ffffffff  __c_args__                     
11801b40  __divu                         
11801e60  _args_main                     
11801620  _auto_init_elf                 
11801d60  _c_int00                       
11802518  _stack                         
11801ee0  _system_post_cinit             
11801f00  _system_pre_init               
11801f20  abort                          
ffffffff  binit                          
c0000000  buffer                         
11802930  buffer_ready                   
11801880  copy_in                        
11801980  exit                           
11801ea0  main                           
11801cc0  memcpy                         
11801a60  memset                         
11802932  over_run                       
11802934  ready_index                    
118004c4  wait                           


GLOBAL SYMBOLS: SORTED BY Symbol Address 

address   name                           
-------   ----                           
00000400  __TI_STACK_SIZE                
11800200  GetSampleFreq                  
1180020c  DSP_Init                       
1180022c  DSP_Init_EDMA                  
1180024c  InitLEDs                       
118002c0  WriteLEDs                      
118003a8  ReadSwitches                   
118003c4  InitDigitalOutputs             
118003d0  WriteDigitalOutputs            
118003f0  Init_Interrupts                
1180042c  EnableInterrupts               
1180046c  Init_Interrupts_EDMA           
11800484  EnableInterrupts_EDMA          
118004c4  wait                           
118004f4  Init_I2C                       
11800544  Reset_I2C                      
11800568  Write_I2C                      
1180064c  ReadCodecData                  
1180066c  WriteCodecData                 
11800694  CheckForOverrun                
118006c0  Init_AIC3106                   
118008f8  AIC3106_write_reg              
11800938  Reset_AIC3106                  
11800964  SetSampleRate_AIC3106          
11800ab4  Init_McASP0                    
11800e34  Init_UART2                     
11800ee0  Write_UART2                    
11800f0c  Puts_UART2                     
11800f4c  Read_UART2                     
11800f74  IsDataReady_UART2              
11800fa0  IsTxReady_UART2                
11800fe0  EDMA_Init                      
1180138c  ZeroBuffers                    
118013e0  ProcessBuffer                  
118015f4  IsBufferReady                  
11801604  IsOverRun                      
11801620  _auto_init_elf                 
11801880  copy_in                        
11801980  exit                           
11801a60  memset                         
11801b40  __c6xabi_divu                  
11801b40  __divu                         
11801c00  __TI_tls_init                  
11801cc0  memcpy                         
11801d60  _c_int00                       
11801de0  EDMA_ISR                       
11801e60  _args_main                     
11801ea0  main                           
11801ee0  _system_post_cinit             
11801f00  _system_pre_init               
11801f20  C$$EXIT                        
11801f20  abort                          
11801f40  __TI_decompress_none           
11801f60  __TI_decompress_rle24          
11802480  B                              
11802508  __TI_cleanup_ptr               
1180250c  __TI_dtors_ptr                 
11802510  __TI_enable_exit_profile_output
11802518  _stack                         
11802918  __TI_STACK_END                 
11802930  __TI_STATIC_BASE               
11802930  buffer_ready                   
11802932  over_run                       
11802934  ready_index                    
118029ec  __TI_Handler_Table_Base        
118029f4  __TI_Handler_Table_Limit       
118029f8  __TI_CINIT_Base                
11802a10  __TI_CINIT_Limit               
c0000000  buffer                         
ffffffff  __TI_pprof_out_hndl            
ffffffff  __TI_prof_data_size            
ffffffff  __TI_prof_data_start           
ffffffff  __binit__                      
ffffffff  __c_args__                     
ffffffff  binit                          
UNDEFED   __TI_INITARRAY_Base            
UNDEFED   __TI_INITARRAY_Limit           
UNDEFED   __TI_TLS_INIT_Base             
UNDEFED   __TI_TLS_INIT_Limit            

[79 symbols]
