******************************************************************************
               TMS320C6x Linker PC v8.2.4                      
******************************************************************************
>> Linked Tue Oct 22 13:47:28 2019

OUTPUT FILE NAME:   <FIR32nd.out>
ENTRY POINT SYMBOL: "_c_int00"  address: 11803f20


MEMORY CONFIGURATION

         name            origin    length      used     unused   attr    fill
----------------------  --------  ---------  --------  --------  ----  --------
  VECTORS               11800000   00000200  00000200  00000000  RWIX
  DSPRAM                11800200   0003fe00  00004428  0003b9d8  RWIX
  SHAREDRAM             80000000   00020000  00000000  00020000  RWIX
  SDRAM                 c0000000   08000000  00000600  07fffa00  RWIX


SEGMENT ALLOCATION MAP

run origin  load origin   length   init length attrs members
----------  ----------- ---------- ----------- ----- -------
11800000    11800000    00000200   00000200    r-x
  11800000    11800000    00000200   00000200    r-x vectors
11800200    11800200    000021a0   00000000    rw-
  11800200    11800200    00002194   00000000    rw- .fardata
  11802394    11802394    0000000c   00000000    rw- .neardata
118023a0    118023a0    00001da0   00001da0    r-x
  118023a0    118023a0    00001da0   00001da0    r-x .text
11804140    11804140    00000400   00000000    rw-
  11804140    11804140    00000400   00000000    rw- .stack
11804540    11804540    000000e8   000000e8    r--
  11804540    11804540    00000018   00000018    r-- .switch
  11804558    11804558    000000d0   000000d0    r-- .cinit
c0000000    c0000000    00000600   00000000    rw-
  c0000000    c0000000    00000600   00000000    rw- CE0


SECTION ALLOCATION MAP

 output                                  attributes/
section   page    origin      length       input sections
--------  ----  ----------  ----------   ----------------
vectors    0    11800000    00000200     
                  11800000    00000200     vectors.obj (vectors)

.neardata 
*          0    11802394    0000000c     UNINITIALIZED
                  11802394    00000006     ISRs.obj (.neardata)
                  1180239a    00000002     --HOLE--
                  1180239c    00000004     LCDK_Support_DSP.obj (.neardata)

.cinit     0    11804558    000000d0     
                  11804558    00000096     (.cinit..fardata.load) [load image, compression = rle]
                  118045ee    0000000b     (.cinit.CE0.load) [load image, compression = rle]
                  118045f9    00000009     (.cinit..neardata.load) [load image, compression = rle]
                  11804602    00000002     --HOLE-- [fill = 0]
                  11804604    00000008     (__TI_handler_table)
                  1180460c    00000004     --HOLE-- [fill = 0]
                  11804610    00000018     (__TI_cinit_table)

.stack     0    11804140    00000400     UNINITIALIZED
                  11804140    00000008     rts6740_elf.lib : boot.obj (.stack)
                  11804148    000003f8     --HOLE--

.text      0    118023a0    00001da0     
                  118023a0    00000de0     LCDK_Support_DSP.obj (.text)
                  11803180    00000660     ISRs.obj (.text)
                  118037e0    00000160     rts6740_elf.lib : autoinit.obj (.text:_auto_init_elf)
                  11803940    00000100                     : copy_decompress_rle.obj (.text:__TI_decompress_rle_core)
                  11803a40    00000100                     : cpy_tbl.obj (.text:copy_in)
                  11803b40    000000e0                     : exit.obj (.text:exit)
                  11803c20    000000e0                     : memset.obj (.text:memset)
                  11803d00    000000c0                     : divu.obj (.text:__divu)
                  11803dc0    000000c0                     : tls.obj (.text:tls:init:__TI_tls_init)
                  11803e80    000000a0                     : memcpy64.obj (.text:memcpy)
                  11803f20    00000080                     : boot.obj (.text:_c_int00)
                  11803fa0    00000080     ISRs.obj (.text:retain)
                  11804020    00000040     rts6740_elf.lib : args_main.obj (.text:_args_main)
                  11804060    00000040     main.obj (.text)
                  118040a0    00000020     rts6740_elf.lib : startup.obj (.text:_system_post_cinit)
                  118040c0    00000020                     : pre_init.obj (.text:_system_pre_init)
                  118040e0    00000020                     : exit.obj (.text:abort)
                  11804100    00000020                     : copy_decompress_none.obj (.text:decompress:none:__TI_decompress_none)
                  11804120    00000020                     : copy_decompress_rle.obj (.text:decompress:rle24:__TI_decompress_rle24)

.switch    0    11804540    00000018     
                  11804540    00000018     LCDK_Support_DSP.obj (.switch:SetSampleRate_AIC3106)

.fardata   0    11800200    00002194     UNINITIALIZED
                  11800200    00001080     ISRs.obj (.fardata:Left$1)
                  11801280    00001080     ISRs.obj (.fardata:Right$2)
                  11802300    00000088     FIR32nd.obj (.fardata:B)
                  11802388    0000000c     rts6740_elf.lib : exit.obj (.fardata)

CE0        0    c0000000    00000600     UNINITIALIZED
                  c0000000    00000600     ISRs.obj (CE0)

MODULE SUMMARY

       Module                     code   ro data   rw data
       ------                     ----   -------   -------
    .\
       ISRs.obj                   1760   0         9990   
       LCDK_Support_DSP.obj       3552   24        4      
       vectors.obj                512    0         0      
       FIR32nd.obj                0      0         136    
       main.obj                   64     0         0      
    +--+--------------------------+------+---------+---------+
       Total:                     5888   24        10130  
                                                          
    C:/ProgramData/App-V/52EB7CA7-C912-4647-896C-AD7297F4555C/A88AFD82-1D4C-4381-87C8-2C47506DA387/Root/ccsv8/tools/compiler/ti-cgt-c6000_8.2.4/lib/rts6740_elf.lib
       autoinit.obj               352    0         0      
       copy_decompress_rle.obj    288    0         0      
       exit.obj                   256    0         12     
       cpy_tbl.obj                256    0         0      
       memset.obj                 224    0         0      
       divu.obj                   192    0         0      
       tls.obj                    192    0         0      
       memcpy64.obj               160    0         0      
       boot.obj                   128    0         0      
       args_main.obj              64     0         0      
       copy_decompress_none.obj   32     0         0      
       pre_init.obj               32     0         0      
       startup.obj                32     0         0      
    +--+--------------------------+------+---------+---------+
       Total:                     2208   0         12     
                                                          
       Stack:                     0      0         1024   
       Linker Generated:          0      202       0      
    +--+--------------------------+------+---------+---------+
       Grand Total:               8096   226       11166  


LINKER GENERATED COPY TABLES

__TI_cinit_table @ 11804610 records: 3, size/record: 8, table size: 24
	.fardata: load addr=11804558, load size=00000096 bytes, run addr=11800200, run size=00002194 bytes, compression=rle
	CE0: load addr=118045ee, load size=0000000b bytes, run addr=c0000000, run size=00000600 bytes, compression=rle
	.neardata: load addr=118045f9, load size=00000009 bytes, run addr=11802394, run size=0000000c bytes, compression=rle


LINKER GENERATED HANDLER TABLE

__TI_handler_table @ 11804604 records: 2, size/record: 4, table size: 8
	index: 0, handler: __TI_decompress_rle24
	index: 1, handler: __TI_decompress_none


GLOBAL SYMBOLS: SORTED ALPHABETICALLY BY Name 

address   name                           
-------   ----                           
11802a98  AIC3106_write_reg              
11802300  B                              
118040e0  C$$EXIT                        
11802834  CheckForOverrun                
UNDEFED   Codec_ISR                      
118023ac  DSP_Init                       
118023cc  DSP_Init_EDMA                  
11803fa0  EDMA_ISR                       
11803180  EDMA_Init                      
118025cc  EnableInterrupts               
11802624  EnableInterrupts_EDMA          
118023a0  GetSampleFreq                  
11802564  InitDigitalOutputs             
118023ec  InitLEDs                       
11802860  Init_AIC3106                   
11802694  Init_I2C                       
11802590  Init_Interrupts                
1180260c  Init_Interrupts_EDMA           
11802c54  Init_McASP0                    
11802fd4  Init_UART2                     
118037a8  IsBufferReady                  
11803114  IsDataReady_UART2              
118037b4  IsOverRun                      
11803140  IsTxReady_UART2                
11803580  ProcessBuffer                  
118030ac  Puts_UART2                     
118027ec  ReadCodecData                  
11802548  ReadSwitches                   
118030ec  Read_UART2                     
11802ad8  Reset_AIC3106                  
118026e4  Reset_I2C                      
11802b04  SetSampleRate_AIC3106          
1180280c  WriteCodecData                 
11802570  WriteDigitalOutputs            
11802460  WriteLEDs                      
11802708  Write_I2C                      
11803080  Write_UART2                    
1180352c  ZeroBuffers                    
11804610  __TI_CINIT_Base                
11804628  __TI_CINIT_Limit               
11804604  __TI_Handler_Table_Base        
1180460c  __TI_Handler_Table_Limit       
UNDEFED   __TI_INITARRAY_Base            
UNDEFED   __TI_INITARRAY_Limit           
11804540  __TI_STACK_END                 
00000400  __TI_STACK_SIZE                
11802394  __TI_STATIC_BASE               
UNDEFED   __TI_TLS_INIT_Base             
UNDEFED   __TI_TLS_INIT_Limit            
11802388  __TI_cleanup_ptr               
11804100  __TI_decompress_none           
11804120  __TI_decompress_rle24          
1180238c  __TI_dtors_ptr                 
11802390  __TI_enable_exit_profile_output
ffffffff  __TI_pprof_out_hndl            
ffffffff  __TI_prof_data_size            
ffffffff  __TI_prof_data_start           
11803dc0  __TI_tls_init                  
ffffffff  __binit__                      
11803d00  __c6xabi_divu                  
ffffffff  __c_args__                     
11803d00  __divu                         
11804020  _args_main                     
118037e0  _auto_init_elf                 
11803f20  _c_int00                       
11804140  _stack                         
118040a0  _system_post_cinit             
118040c0  _system_pre_init               
118040e0  abort                          
ffffffff  binit                          
c0000000  buffer                         
11802394  buffer_ready                   
11803a40  copy_in                        
11803b40  exit                           
11804060  main                           
11803e80  memcpy                         
11803c20  memset                         
11802396  over_run                       
11802398  ready_index                    
11802664  wait                           


GLOBAL SYMBOLS: SORTED BY Symbol Address 

address   name                           
-------   ----                           
00000400  __TI_STACK_SIZE                
11802300  B                              
11802388  __TI_cleanup_ptr               
1180238c  __TI_dtors_ptr                 
11802390  __TI_enable_exit_profile_output
11802394  __TI_STATIC_BASE               
11802394  buffer_ready                   
11802396  over_run                       
11802398  ready_index                    
118023a0  GetSampleFreq                  
118023ac  DSP_Init                       
118023cc  DSP_Init_EDMA                  
118023ec  InitLEDs                       
11802460  WriteLEDs                      
11802548  ReadSwitches                   
11802564  InitDigitalOutputs             
11802570  WriteDigitalOutputs            
11802590  Init_Interrupts                
118025cc  EnableInterrupts               
1180260c  Init_Interrupts_EDMA           
11802624  EnableInterrupts_EDMA          
11802664  wait                           
11802694  Init_I2C                       
118026e4  Reset_I2C                      
11802708  Write_I2C                      
118027ec  ReadCodecData                  
1180280c  WriteCodecData                 
11802834  CheckForOverrun                
11802860  Init_AIC3106                   
11802a98  AIC3106_write_reg              
11802ad8  Reset_AIC3106                  
11802b04  SetSampleRate_AIC3106          
11802c54  Init_McASP0                    
11802fd4  Init_UART2                     
11803080  Write_UART2                    
118030ac  Puts_UART2                     
118030ec  Read_UART2                     
11803114  IsDataReady_UART2              
11803140  IsTxReady_UART2                
11803180  EDMA_Init                      
1180352c  ZeroBuffers                    
11803580  ProcessBuffer                  
118037a8  IsBufferReady                  
118037b4  IsOverRun                      
118037e0  _auto_init_elf                 
11803a40  copy_in                        
11803b40  exit                           
11803c20  memset                         
11803d00  __c6xabi_divu                  
11803d00  __divu                         
11803dc0  __TI_tls_init                  
11803e80  memcpy                         
11803f20  _c_int00                       
11803fa0  EDMA_ISR                       
11804020  _args_main                     
11804060  main                           
118040a0  _system_post_cinit             
118040c0  _system_pre_init               
118040e0  C$$EXIT                        
118040e0  abort                          
11804100  __TI_decompress_none           
11804120  __TI_decompress_rle24          
11804140  _stack                         
11804540  __TI_STACK_END                 
11804604  __TI_Handler_Table_Base        
1180460c  __TI_Handler_Table_Limit       
11804610  __TI_CINIT_Base                
11804628  __TI_CINIT_Limit               
c0000000  buffer                         
ffffffff  __TI_pprof_out_hndl            
ffffffff  __TI_prof_data_size            
ffffffff  __TI_prof_data_start           
ffffffff  __binit__                      
ffffffff  __c_args__                     
ffffffff  binit                          
UNDEFED   Codec_ISR                      
UNDEFED   __TI_INITARRAY_Base            
UNDEFED   __TI_INITARRAY_Limit           
UNDEFED   __TI_TLS_INIT_Base             
UNDEFED   __TI_TLS_INIT_Limit            

[80 symbols]
