******************************************************************************
               TMS320C6x Linker PC v8.2.4                      
******************************************************************************
>> Linked Tue Oct 22 13:28:47 2019

OUTPUT FILE NAME:   <FIR90th.out>
ENTRY POINT SYMBOL: "_c_int00"  address: 11801980


MEMORY CONFIGURATION

         name            origin    length      used     unused   attr    fill
----------------------  --------  ---------  --------  --------  ----  --------
  VECTORS               11800000   00000200  00000200  00000000  RWIX
  DSPRAM                11800200   0003fe00  00002258  0003dba8  RWIX
  SHAREDRAM             80000000   00020000  00000000  00020000  RWIX
  SDRAM                 c0000000   08000000  00000000  08000000  RWIX


SEGMENT ALLOCATION MAP

run origin  load origin   length   init length attrs members
----------  ----------- ---------- ----------- ----- -------
11800000    11800000    00001b20   00001b20    r-x
  11800000    11800000    00000200   00000200    r-x vectors
  11800200    11800200    00001920   00001920    r-x .text
11801b20    11801b20    0000072c   00000000    rw-
  11801b20    11801b20    00000400   00000000    rw- .stack
  11801f20    11801f20    00000198   00000000    rw- .fardata
  118020b8    118020b8    00000194   00000000    rw- .far
1180224c    1180224c    00000018   00000018    r--
  1180224c    1180224c    00000018   00000018    r-- .switch
11802264    11802264    0000000c   00000000    rw-
  11802264    11802264    00000008   00000000    rw- .neardata
  1180226c    1180226c    00000004   00000000    rw- .bss
11802270    11802270    000001e8   000001e8    r--
  11802270    11802270    000001e8   000001e8    r-- .cinit


SECTION ALLOCATION MAP

 output                                  attributes/
section   page    origin      length       input sections
--------  ----  ----------  ----------   ----------------
vectors    0    11800000    00000200     
                  11800000    00000200     vectors.obj (vectors)

.fardata   0    11801f20    00000198     UNINITIALIZED
                  11801f20    0000018c     coeff.obj (.fardata:B)
                  118020ac    0000000c     rts6740_elf.lib : exit.obj (.fardata)

.far       0    118020b8    00000194     UNINITIALIZED
                  118020b8    0000018c     (.common:xLeft)
                  11802244    00000004     (.common:CodecDataIn)
                  11802248    00000004     (.common:CodecDataOut)

.neardata 
*          0    11802264    00000008     UNINITIALIZED
                  11802264    00000004     FIRmono_ISRs.obj (.neardata)
                  11802268    00000004     LCDK_Support_DSP.obj (.neardata)

.bss       0    1180226c    00000004     UNINITIALIZED
                  1180226c    00000004     (.common:i)

.cinit     0    11802270    000001e8     
                  11802270    00000199     (.cinit..fardata.load) [load image, compression = rle]
                  11802409    0000000d     (.cinit..neardata.load) [load image, compression = rle]
                  11802416    0000000b     (.cinit..far.load) [load image, compression = rle]
                  11802421    00000009     (.cinit..bss.load) [load image, compression = rle]
                  1180242a    00000002     --HOLE-- [fill = 0]
                  1180242c    00000008     (__TI_handler_table)
                  11802434    00000004     --HOLE-- [fill = 0]
                  11802438    00000020     (__TI_cinit_table)

.stack     0    11801b20    00000400     UNINITIALIZED
                  11801b20    00000008     rts6740_elf.lib : boot.obj (.stack)
                  11801b28    000003f8     --HOLE--

.text      0    11800200    00001920     
                  11800200    00000de0     LCDK_Support_DSP.obj (.text)
                  11800fe0    00000260     FIRmono_ISRs.obj (.text:retain)
                  11801240    00000160     rts6740_elf.lib : autoinit.obj (.text:_auto_init_elf)
                  118013a0    00000100                     : copy_decompress_rle.obj (.text:__TI_decompress_rle_core)
                  118014a0    00000100                     : cpy_tbl.obj (.text:copy_in)
                  118015a0    000000e0                     : exit.obj (.text:exit)
                  11801680    000000e0                     : memset.obj (.text:memset)
                  11801760    000000c0                     : divu.obj (.text:__divu)
                  11801820    000000c0                     : tls.obj (.text:tls:init:__TI_tls_init)
                  118018e0    000000a0                     : memcpy64.obj (.text:memcpy)
                  11801980    00000080                     : boot.obj (.text:_c_int00)
                  11801a00    00000040                     : args_main.obj (.text:_args_main)
                  11801a40    00000020     StartUp.obj (.text)
                  11801a60    00000020     rts6740_elf.lib : startup.obj (.text:_system_post_cinit)
                  11801a80    00000020                     : pre_init.obj (.text:_system_pre_init)
                  11801aa0    00000020                     : exit.obj (.text:abort)
                  11801ac0    00000020                     : copy_decompress_none.obj (.text:decompress:none:__TI_decompress_none)
                  11801ae0    00000020                     : copy_decompress_rle.obj (.text:decompress:rle24:__TI_decompress_rle24)
                  11801b00    00000020     main.obj (.text)

.switch    0    1180224c    00000018     
                  1180224c    00000018     LCDK_Support_DSP.obj (.switch:SetSampleRate_AIC3106)

MODULE SUMMARY

       Module                     code   ro data   rw data
       ------                     ----   -------   -------
    .\
       LCDK_Support_DSP.obj       3552   24        4      
       FIRmono_ISRs.obj           608    0         412    
       vectors.obj                512    0         0      
       coeff.obj                  0      0         396    
       StartUp.obj                32     0         0      
       main.obj                   32     0         0      
    +--+--------------------------+------+---------+---------+
       Total:                     4736   24        812    
                                                          
    C:/ProgramData/App-V/52EB7CA7-C912-4647-896C-AD7297F4555C/A88AFD82-1D4C-4381-87C8-2C47506DA387/Root/ccsv8/tools/compiler/ti-cgt-c6000_8.2.4/lib/rts6740_elf.lib
       autoinit.obj               352    0         0      
       copy_decompress_rle.obj    288    0         0      
       exit.obj                   256    0         12     
       cpy_tbl.obj                256    0         0      
       memset.obj                 224    0         0      
       divu.obj                   192    0         0      
       tls.obj                    192    0         0      
       memcpy64.obj               160    0         0      
       boot.obj                   128    0         0      
       args_main.obj              64     0         0      
       copy_decompress_none.obj   32     0         0      
       pre_init.obj               32     0         0      
       startup.obj                32     0         0      
    +--+--------------------------+------+---------+---------+
       Total:                     2208   0         12     
                                                          
       Stack:                     0      0         1024   
       Linker Generated:          0      482       0      
    +--+--------------------------+------+---------+---------+
       Grand Total:               6944   506       1848   


LINKER GENERATED COPY TABLES

__TI_cinit_table @ 11802438 records: 4, size/record: 8, table size: 32
	.fardata: load addr=11802270, load size=00000199 bytes, run addr=11801f20, run size=00000198 bytes, compression=rle
	.neardata: load addr=11802409, load size=0000000d bytes, run addr=11802264, run size=00000008 bytes, compression=rle
	.far: load addr=11802416, load size=0000000b bytes, run addr=118020b8, run size=00000194 bytes, compression=rle
	.bss: load addr=11802421, load size=00000009 bytes, run addr=1180226c, run size=00000004 bytes, compression=rle


LINKER GENERATED HANDLER TABLE

__TI_handler_table @ 1180242c records: 2, size/record: 4, table size: 8
	index: 0, handler: __TI_decompress_rle24
	index: 1, handler: __TI_decompress_none


GLOBAL SYMBOLS: SORTED ALPHABETICALLY BY Name 

address   name                           
-------   ----                           
118008f8  AIC3106_write_reg              
11801f20  B                              
11801aa0  C$$EXIT                        
11800694  CheckForOverrun                
11802244  CodecDataIn                    
11802248  CodecDataOut                   
11800fe0  Codec_ISR                      
1180020c  DSP_Init                       
1180022c  DSP_Init_EDMA                  
1180042c  EnableInterrupts               
11800484  EnableInterrupts_EDMA          
11800200  GetSampleFreq                  
118003c4  InitDigitalOutputs             
1180024c  InitLEDs                       
118006c0  Init_AIC3106                   
118004f4  Init_I2C                       
118003f0  Init_Interrupts                
1180046c  Init_Interrupts_EDMA           
11800ab4  Init_McASP0                    
11800e34  Init_UART2                     
11800f74  IsDataReady_UART2              
11800fa0  IsTxReady_UART2                
11800f0c  Puts_UART2                     
1180064c  ReadCodecData                  
118003a8  ReadSwitches                   
11800f4c  Read_UART2                     
11800938  Reset_AIC3106                  
11800544  Reset_I2C                      
11800964  SetSampleRate_AIC3106          
11801a40  StartUp                        
1180066c  WriteCodecData                 
118003d0  WriteDigitalOutputs            
118002c0  WriteLEDs                      
11800568  Write_I2C                      
11800ee0  Write_UART2                    
11802438  __TI_CINIT_Base                
11802458  __TI_CINIT_Limit               
1180242c  __TI_Handler_Table_Base        
11802434  __TI_Handler_Table_Limit       
UNDEFED   __TI_INITARRAY_Base            
UNDEFED   __TI_INITARRAY_Limit           
11801f20  __TI_STACK_END                 
00000400  __TI_STACK_SIZE                
11802264  __TI_STATIC_BASE               
UNDEFED   __TI_TLS_INIT_Base             
UNDEFED   __TI_TLS_INIT_Limit            
118020ac  __TI_cleanup_ptr               
11801ac0  __TI_decompress_none           
11801ae0  __TI_decompress_rle24          
118020b0  __TI_dtors_ptr                 
118020b4  __TI_enable_exit_profile_output
ffffffff  __TI_pprof_out_hndl            
ffffffff  __TI_prof_data_size            
ffffffff  __TI_prof_data_start           
11801820  __TI_tls_init                  
ffffffff  __binit__                      
11801760  __c6xabi_divu                  
ffffffff  __c_args__                     
11801760  __divu                         
11801a00  _args_main                     
11801240  _auto_init_elf                 
11801980  _c_int00                       
11801b20  _stack                         
11801a60  _system_post_cinit             
11801a80  _system_pre_init               
11801aa0  abort                          
ffffffff  binit                          
118014a0  copy_in                        
118015a0  exit                           
1180226c  i                              
11801b00  main                           
118018e0  memcpy                         
11801680  memset                         
11802264  pLeft                          
118004c4  wait                           
118020b8  xLeft                          


GLOBAL SYMBOLS: SORTED BY Symbol Address 

address   name                           
-------   ----                           
00000400  __TI_STACK_SIZE                
11800200  GetSampleFreq                  
1180020c  DSP_Init                       
1180022c  DSP_Init_EDMA                  
1180024c  InitLEDs                       
118002c0  WriteLEDs                      
118003a8  ReadSwitches                   
118003c4  InitDigitalOutputs             
118003d0  WriteDigitalOutputs            
118003f0  Init_Interrupts                
1180042c  EnableInterrupts               
1180046c  Init_Interrupts_EDMA           
11800484  EnableInterrupts_EDMA          
118004c4  wait                           
118004f4  Init_I2C                       
11800544  Reset_I2C                      
11800568  Write_I2C                      
1180064c  ReadCodecData                  
1180066c  WriteCodecData                 
11800694  CheckForOverrun                
118006c0  Init_AIC3106                   
118008f8  AIC3106_write_reg              
11800938  Reset_AIC3106                  
11800964  SetSampleRate_AIC3106          
11800ab4  Init_McASP0                    
11800e34  Init_UART2                     
11800ee0  Write_UART2                    
11800f0c  Puts_UART2                     
11800f4c  Read_UART2                     
11800f74  IsDataReady_UART2              
11800fa0  IsTxReady_UART2                
11800fe0  Codec_ISR                      
11801240  _auto_init_elf                 
118014a0  copy_in                        
118015a0  exit                           
11801680  memset                         
11801760  __c6xabi_divu                  
11801760  __divu                         
11801820  __TI_tls_init                  
118018e0  memcpy                         
11801980  _c_int00                       
11801a00  _args_main                     
11801a40  StartUp                        
11801a60  _system_post_cinit             
11801a80  _system_pre_init               
11801aa0  C$$EXIT                        
11801aa0  abort                          
11801ac0  __TI_decompress_none           
11801ae0  __TI_decompress_rle24          
11801b00  main                           
11801b20  _stack                         
11801f20  B                              
11801f20  __TI_STACK_END                 
118020ac  __TI_cleanup_ptr               
118020b0  __TI_dtors_ptr                 
118020b4  __TI_enable_exit_profile_output
118020b8  xLeft                          
11802244  CodecDataIn                    
11802248  CodecDataOut                   
11802264  __TI_STATIC_BASE               
11802264  pLeft                          
1180226c  i                              
1180242c  __TI_Handler_Table_Base        
11802434  __TI_Handler_Table_Limit       
11802438  __TI_CINIT_Base                
11802458  __TI_CINIT_Limit               
ffffffff  __TI_pprof_out_hndl            
ffffffff  __TI_prof_data_size            
ffffffff  __TI_prof_data_start           
ffffffff  __binit__                      
ffffffff  __c_args__                     
ffffffff  binit                          
UNDEFED   __TI_INITARRAY_Base            
UNDEFED   __TI_INITARRAY_Limit           
UNDEFED   __TI_TLS_INIT_Base             
UNDEFED   __TI_TLS_INIT_Limit            

[76 symbols]
