******************************************************************************
               TMS320C6x Linker PC v8.2.4                      
******************************************************************************
>> Linked Tue Oct  1 16:48:40 2019

OUTPUT FILE NAME:   <DFI8th.out>
ENTRY POINT SYMBOL: "_c_int00"  address: 11801b80


MEMORY CONFIGURATION

         name            origin    length      used     unused   attr    fill
----------------------  --------  ---------  --------  --------  ----  --------
  VECTORS               11800000   00000200  00000200  00000000  RWIX
  DSPRAM                11800200   0003fe00  00002070  0003dd90  RWIX
  SHAREDRAM             80000000   00020000  00000000  00020000  RWIX
  SDRAM                 c0000000   08000000  00000000  08000000  RWIX


SEGMENT ALLOCATION MAP

run origin  load origin   length   init length attrs members
----------  ----------- ---------- ----------- ----- -------
11800000    11800000    00001d20   00001d20    r-x
  11800000    11800000    00000200   00000200    r-x vectors
  11800200    11800200    00001b20   00001b20    r-x .text
11801d20    11801d20    00000470   00000000    rw-
  11801d20    11801d20    00000400   00000000    rw- .stack
  11802120    11802120    0000006c   00000000    rw- .fardata
  1180218c    1180218c    00000004   00000000    rw- .neardata
11802190    11802190    00000038   00000038    r--
  11802190    11802190    00000020   00000020    r-- .const
  118021b0    118021b0    00000018   00000018    r-- .switch
118021c8    118021c8    00000008   00000000    rw-
  118021c8    118021c8    00000008   00000000    rw- .far
118021d0    118021d0    000000a0   000000a0    r--
  118021d0    118021d0    000000a0   000000a0    r-- .cinit


SECTION ALLOCATION MAP

 output                                  attributes/
section   page    origin      length       input sections
--------  ----  ----------  ----------   ----------------
vectors    0    11800000    00000200     
                  11800000    00000200     vectors.obj (vectors)

.stack     0    11801d20    00000400     UNINITIALIZED
                  11801d20    00000008     rts6740_elf.lib : boot.obj (.stack)
                  11801d28    000003f8     --HOLE--

.neardata 
*          0    1180218c    00000004     UNINITIALIZED
                  1180218c    00000004     LCDK_Support_DSP.obj (.neardata)

.cinit     0    118021d0    000000a0     
                  118021d0    0000006d     (.cinit..fardata.load) [load image, compression = rle]
                  1180223d    00000009     (.cinit..far.load) [load image, compression = rle]
                  11802246    00000009     (.cinit..neardata.load) [load image, compression = rle]
                  1180224f    00000001     --HOLE-- [fill = 0]
                  11802250    00000008     (__TI_handler_table)
                  11802258    00000018     (__TI_cinit_table)

.const     0    11802190    00000020     
                  11802190    00000010     IIRmono_ISRs.obj (.const:$P$T0$1)
                  118021a0    00000010     IIRmono_ISRs.obj (.const:$P$T1$2)

.text      0    11800200    00001b20     
                  11800200    00000de0     LCDK_Support_DSP.obj (.text)
                  11800fe0    00000460     IIRmono_ISRs.obj (.text:retain)
                  11801440    00000160     rts6740_elf.lib : autoinit.obj (.text:_auto_init_elf)
                  118015a0    00000100                     : copy_decompress_rle.obj (.text:__TI_decompress_rle_core)
                  118016a0    00000100                     : cpy_tbl.obj (.text:copy_in)
                  118017a0    000000e0                     : exit.obj (.text:exit)
                  11801880    000000e0                     : memset.obj (.text:memset)
                  11801960    000000c0                     : divu.obj (.text:__divu)
                  11801a20    000000c0                     : tls.obj (.text:tls:init:__TI_tls_init)
                  11801ae0    000000a0                     : memcpy64.obj (.text:memcpy)
                  11801b80    00000080                     : boot.obj (.text:_c_int00)
                  11801c00    00000040                     : args_main.obj (.text:_args_main)
                  11801c40    00000020     StartUp.obj (.text)
                  11801c60    00000020     rts6740_elf.lib : startup.obj (.text:_system_post_cinit)
                  11801c80    00000020                     : pre_init.obj (.text:_system_pre_init)
                  11801ca0    00000020                     : exit.obj (.text:abort)
                  11801cc0    00000020                     : copy_decompress_none.obj (.text:decompress:none:__TI_decompress_none)
                  11801ce0    00000020                     : copy_decompress_rle.obj (.text:decompress:rle24:__TI_decompress_rle24)
                  11801d00    00000020     main.obj (.text)

.fardata   0    11802120    0000006c     UNINITIALIZED
                  11802120    00000060     DFII8th.obj (.fardata:tmp)
                  11802180    0000000c     rts6740_elf.lib : exit.obj (.fardata)

.switch    0    118021b0    00000018     
                  118021b0    00000018     LCDK_Support_DSP.obj (.switch:SetSampleRate_AIC3106)

.far       0    118021c8    00000008     UNINITIALIZED
                  118021c8    00000004     (.common:CodecDataIn)
                  118021cc    00000004     (.common:CodecDataOut)

MODULE SUMMARY

       Module                     code   ro data   rw data
       ------                     ----   -------   -------
    .\
       LCDK_Support_DSP.obj       3552   24        4      
       IIRmono_ISRs.obj           1120   32        8      
       vectors.obj                512    0         0      
       DFII8th.obj                0      0         96     
       StartUp.obj                32     0         0      
       main.obj                   32     0         0      
    +--+--------------------------+------+---------+---------+
       Total:                     5248   56        108    
                                                          
    C:/ProgramData/App-V/52EB7CA7-C912-4647-896C-AD7297F4555C/A88AFD82-1D4C-4381-87C8-2C47506DA387/Root/ccsv8/tools/compiler/ti-cgt-c6000_8.2.4/lib/rts6740_elf.lib
       autoinit.obj               352    0         0      
       copy_decompress_rle.obj    288    0         0      
       exit.obj                   256    0         12     
       cpy_tbl.obj                256    0         0      
       memset.obj                 224    0         0      
       divu.obj                   192    0         0      
       tls.obj                    192    0         0      
       memcpy64.obj               160    0         0      
       boot.obj                   128    0         0      
       args_main.obj              64     0         0      
       copy_decompress_none.obj   32     0         0      
       pre_init.obj               32     0         0      
       startup.obj                32     0         0      
    +--+--------------------------+------+---------+---------+
       Total:                     2208   0         12     
                                                          
       Stack:                     0      0         1024   
       Linker Generated:          0      159       0      
    +--+--------------------------+------+---------+---------+
       Grand Total:               7456   215       1144   


LINKER GENERATED COPY TABLES

__TI_cinit_table @ 11802258 records: 3, size/record: 8, table size: 24
	.fardata: load addr=118021d0, load size=0000006d bytes, run addr=11802120, run size=0000006c bytes, compression=rle
	.far: load addr=1180223d, load size=00000009 bytes, run addr=118021c8, run size=00000008 bytes, compression=rle
	.neardata: load addr=11802246, load size=00000009 bytes, run addr=1180218c, run size=00000004 bytes, compression=rle


LINKER GENERATED HANDLER TABLE

__TI_handler_table @ 11802250 records: 2, size/record: 4, table size: 8
	index: 0, handler: __TI_decompress_rle24
	index: 1, handler: __TI_decompress_none


GLOBAL SYMBOLS: SORTED ALPHABETICALLY BY Name 

address   name                           
-------   ----                           
118008f8  AIC3106_write_reg              
11801ca0  C$$EXIT                        
11800694  CheckForOverrun                
118021c8  CodecDataIn                    
118021cc  CodecDataOut                   
11800fe0  Codec_ISR                      
1180020c  DSP_Init                       
1180022c  DSP_Init_EDMA                  
1180042c  EnableInterrupts               
11800484  EnableInterrupts_EDMA          
11800200  GetSampleFreq                  
118003c4  InitDigitalOutputs             
1180024c  InitLEDs                       
118006c0  Init_AIC3106                   
118004f4  Init_I2C                       
118003f0  Init_Interrupts                
1180046c  Init_Interrupts_EDMA           
11800ab4  Init_McASP0                    
11800e34  Init_UART2                     
11800f74  IsDataReady_UART2              
11800fa0  IsTxReady_UART2                
11800f0c  Puts_UART2                     
1180064c  ReadCodecData                  
118003a8  ReadSwitches                   
11800f4c  Read_UART2                     
11800938  Reset_AIC3106                  
11800544  Reset_I2C                      
11800964  SetSampleRate_AIC3106          
11801c40  StartUp                        
1180066c  WriteCodecData                 
118003d0  WriteDigitalOutputs            
118002c0  WriteLEDs                      
11800568  Write_I2C                      
11800ee0  Write_UART2                    
11802258  __TI_CINIT_Base                
11802270  __TI_CINIT_Limit               
11802250  __TI_Handler_Table_Base        
11802258  __TI_Handler_Table_Limit       
UNDEFED   __TI_INITARRAY_Base            
UNDEFED   __TI_INITARRAY_Limit           
11802120  __TI_STACK_END                 
00000400  __TI_STACK_SIZE                
1180218c  __TI_STATIC_BASE               
UNDEFED   __TI_TLS_INIT_Base             
UNDEFED   __TI_TLS_INIT_Limit            
11802180  __TI_cleanup_ptr               
11801cc0  __TI_decompress_none           
11801ce0  __TI_decompress_rle24          
11802184  __TI_dtors_ptr                 
11802188  __TI_enable_exit_profile_output
ffffffff  __TI_pprof_out_hndl            
ffffffff  __TI_prof_data_size            
ffffffff  __TI_prof_data_start           
11801a20  __TI_tls_init                  
ffffffff  __binit__                      
11801960  __c6xabi_divu                  
ffffffff  __c_args__                     
11801960  __divu                         
11801c00  _args_main                     
11801440  _auto_init_elf                 
11801b80  _c_int00                       
11801d20  _stack                         
11801c60  _system_post_cinit             
11801c80  _system_pre_init               
11801ca0  abort                          
ffffffff  binit                          
118016a0  copy_in                        
118017a0  exit                           
11801d00  main                           
11801ae0  memcpy                         
11801880  memset                         
11802120  tmp                            
118004c4  wait                           


GLOBAL SYMBOLS: SORTED BY Symbol Address 

address   name                           
-------   ----                           
00000400  __TI_STACK_SIZE                
11800200  GetSampleFreq                  
1180020c  DSP_Init                       
1180022c  DSP_Init_EDMA                  
1180024c  InitLEDs                       
118002c0  WriteLEDs                      
118003a8  ReadSwitches                   
118003c4  InitDigitalOutputs             
118003d0  WriteDigitalOutputs            
118003f0  Init_Interrupts                
1180042c  EnableInterrupts               
1180046c  Init_Interrupts_EDMA           
11800484  EnableInterrupts_EDMA          
118004c4  wait                           
118004f4  Init_I2C                       
11800544  Reset_I2C                      
11800568  Write_I2C                      
1180064c  ReadCodecData                  
1180066c  WriteCodecData                 
11800694  CheckForOverrun                
118006c0  Init_AIC3106                   
118008f8  AIC3106_write_reg              
11800938  Reset_AIC3106                  
11800964  SetSampleRate_AIC3106          
11800ab4  Init_McASP0                    
11800e34  Init_UART2                     
11800ee0  Write_UART2                    
11800f0c  Puts_UART2                     
11800f4c  Read_UART2                     
11800f74  IsDataReady_UART2              
11800fa0  IsTxReady_UART2                
11800fe0  Codec_ISR                      
11801440  _auto_init_elf                 
118016a0  copy_in                        
118017a0  exit                           
11801880  memset                         
11801960  __c6xabi_divu                  
11801960  __divu                         
11801a20  __TI_tls_init                  
11801ae0  memcpy                         
11801b80  _c_int00                       
11801c00  _args_main                     
11801c40  StartUp                        
11801c60  _system_post_cinit             
11801c80  _system_pre_init               
11801ca0  C$$EXIT                        
11801ca0  abort                          
11801cc0  __TI_decompress_none           
11801ce0  __TI_decompress_rle24          
11801d00  main                           
11801d20  _stack                         
11802120  __TI_STACK_END                 
11802120  tmp                            
11802180  __TI_cleanup_ptr               
11802184  __TI_dtors_ptr                 
11802188  __TI_enable_exit_profile_output
1180218c  __TI_STATIC_BASE               
118021c8  CodecDataIn                    
118021cc  CodecDataOut                   
11802250  __TI_Handler_Table_Base        
11802258  __TI_CINIT_Base                
11802258  __TI_Handler_Table_Limit       
11802270  __TI_CINIT_Limit               
ffffffff  __TI_pprof_out_hndl            
ffffffff  __TI_prof_data_size            
ffffffff  __TI_prof_data_start           
ffffffff  __binit__                      
ffffffff  __c_args__                     
ffffffff  binit                          
UNDEFED   __TI_INITARRAY_Base            
UNDEFED   __TI_INITARRAY_Limit           
UNDEFED   __TI_TLS_INIT_Base             
UNDEFED   __TI_TLS_INIT_Limit            

[73 symbols]
