<?xml version="1.0"?>
<link_info>
   <banner>TMS320C6x Linker PC v8.2.4</banner>
   <copyright>Copyright (c) 1996-2017 Texas Instruments Incorporated</copyright>
   <link_time>0x5d93cb27</link_time>
   <link_errors>0x0</link_errors>
   <output_file>HW03.out</output_file>
   <entry_point>
      <name>_c_int00</name>
      <address>0x11801a20</address>
   </entry_point>
   <input_file_list>
      <input_file id="fl-2">
         <path>.\</path>
         <kind>object</kind>
         <file>IIR4th.obj</file>
         <name>IIR4th.obj</name>
      </input_file>
      <input_file id="fl-3">
         <path>.\</path>
         <kind>object</kind>
         <file>IIRmono_ISRs.obj</file>
         <name>IIRmono_ISRs.obj</name>
      </input_file>
      <input_file id="fl-4">
         <path>.\</path>
         <kind>object</kind>
         <file>LCDK_Support_DSP.obj</file>
         <name>LCDK_Support_DSP.obj</name>
      </input_file>
      <input_file id="fl-5">
         <path>.\</path>
         <kind>object</kind>
         <file>StartUp.obj</file>
         <name>StartUp.obj</name>
      </input_file>
      <input_file id="fl-6">
         <path>.\</path>
         <kind>object</kind>
         <file>main.obj</file>
         <name>main.obj</name>
      </input_file>
      <input_file id="fl-7">
         <path>.\</path>
         <kind>object</kind>
         <file>vectors.obj</file>
         <name>vectors.obj</name>
      </input_file>
      <input_file id="fl-c">
         <kind>object</kind>
         <file>&lt;internal&gt;</file>
         <name>&lt;internal&gt;</name>
      </input_file>
      <input_file id="fl-d">
         <path>C:\ProgramData\App-V\52EB7CA7-C912-4647-896C-AD7297F4555C\A88AFD82-1D4C-4381-87C8-2C47506DA387\Root\ccsv8\tools\compiler\ti-cgt-c6000_8.2.4\lib\</path>
         <kind>archive</kind>
         <file>rts6740_elf.lib</file>
         <name>boot.obj</name>
      </input_file>
      <input_file id="fl-e">
         <path>C:\ProgramData\App-V\52EB7CA7-C912-4647-896C-AD7297F4555C\A88AFD82-1D4C-4381-87C8-2C47506DA387\Root\ccsv8\tools\compiler\ti-cgt-c6000_8.2.4\lib\</path>
         <kind>archive</kind>
         <file>rts6740_elf.lib</file>
         <name>copy_decompress_none.obj</name>
      </input_file>
      <input_file id="fl-f">
         <path>C:\ProgramData\App-V\52EB7CA7-C912-4647-896C-AD7297F4555C\A88AFD82-1D4C-4381-87C8-2C47506DA387\Root\ccsv8\tools\compiler\ti-cgt-c6000_8.2.4\lib\</path>
         <kind>archive</kind>
         <file>rts6740_elf.lib</file>
         <name>copy_decompress_rle.obj</name>
      </input_file>
      <input_file id="fl-10">
         <path>C:\ProgramData\App-V\52EB7CA7-C912-4647-896C-AD7297F4555C\A88AFD82-1D4C-4381-87C8-2C47506DA387\Root\ccsv8\tools\compiler\ti-cgt-c6000_8.2.4\lib\</path>
         <kind>archive</kind>
         <file>rts6740_elf.lib</file>
         <name>copy_zero_init.obj</name>
      </input_file>
      <input_file id="fl-11">
         <path>C:\ProgramData\App-V\52EB7CA7-C912-4647-896C-AD7297F4555C\A88AFD82-1D4C-4381-87C8-2C47506DA387\Root\ccsv8\tools\compiler\ti-cgt-c6000_8.2.4\lib\</path>
         <kind>archive</kind>
         <file>rts6740_elf.lib</file>
         <name>divu.obj</name>
      </input_file>
      <input_file id="fl-12">
         <path>C:\ProgramData\App-V\52EB7CA7-C912-4647-896C-AD7297F4555C\A88AFD82-1D4C-4381-87C8-2C47506DA387\Root\ccsv8\tools\compiler\ti-cgt-c6000_8.2.4\lib\</path>
         <kind>archive</kind>
         <file>rts6740_elf.lib</file>
         <name>exit.obj</name>
      </input_file>
      <input_file id="fl-13">
         <path>C:\ProgramData\App-V\52EB7CA7-C912-4647-896C-AD7297F4555C\A88AFD82-1D4C-4381-87C8-2C47506DA387\Root\ccsv8\tools\compiler\ti-cgt-c6000_8.2.4\lib\</path>
         <kind>archive</kind>
         <file>rts6740_elf.lib</file>
         <name>memcpy64.obj</name>
      </input_file>
      <input_file id="fl-14">
         <path>C:\ProgramData\App-V\52EB7CA7-C912-4647-896C-AD7297F4555C\A88AFD82-1D4C-4381-87C8-2C47506DA387\Root\ccsv8\tools\compiler\ti-cgt-c6000_8.2.4\lib\</path>
         <kind>archive</kind>
         <file>rts6740_elf.lib</file>
         <name>memset.obj</name>
      </input_file>
      <input_file id="fl-15">
         <path>C:\ProgramData\App-V\52EB7CA7-C912-4647-896C-AD7297F4555C\A88AFD82-1D4C-4381-87C8-2C47506DA387\Root\ccsv8\tools\compiler\ti-cgt-c6000_8.2.4\lib\</path>
         <kind>archive</kind>
         <file>rts6740_elf.lib</file>
         <name>pre_init.obj</name>
      </input_file>
      <input_file id="fl-16">
         <path>C:\ProgramData\App-V\52EB7CA7-C912-4647-896C-AD7297F4555C\A88AFD82-1D4C-4381-87C8-2C47506DA387\Root\ccsv8\tools\compiler\ti-cgt-c6000_8.2.4\lib\</path>
         <kind>archive</kind>
         <file>rts6740_elf.lib</file>
         <name>args_main.obj</name>
      </input_file>
      <input_file id="fl-17">
         <path>C:\ProgramData\App-V\52EB7CA7-C912-4647-896C-AD7297F4555C\A88AFD82-1D4C-4381-87C8-2C47506DA387\Root\ccsv8\tools\compiler\ti-cgt-c6000_8.2.4\lib\</path>
         <kind>archive</kind>
         <file>rts6740_elf.lib</file>
         <name>autoinit.obj</name>
      </input_file>
      <input_file id="fl-18">
         <path>C:\ProgramData\App-V\52EB7CA7-C912-4647-896C-AD7297F4555C\A88AFD82-1D4C-4381-87C8-2C47506DA387\Root\ccsv8\tools\compiler\ti-cgt-c6000_8.2.4\lib\</path>
         <kind>archive</kind>
         <file>rts6740_elf.lib</file>
         <name>cpy_tbl.obj</name>
      </input_file>
      <input_file id="fl-19">
         <path>C:\ProgramData\App-V\52EB7CA7-C912-4647-896C-AD7297F4555C\A88AFD82-1D4C-4381-87C8-2C47506DA387\Root\ccsv8\tools\compiler\ti-cgt-c6000_8.2.4\lib\</path>
         <kind>archive</kind>
         <file>rts6740_elf.lib</file>
         <name>startup.obj</name>
      </input_file>
      <input_file id="fl-1a">
         <path>C:\ProgramData\App-V\52EB7CA7-C912-4647-896C-AD7297F4555C\A88AFD82-1D4C-4381-87C8-2C47506DA387\Root\ccsv8\tools\compiler\ti-cgt-c6000_8.2.4\lib\</path>
         <kind>archive</kind>
         <file>rts6740_elf.lib</file>
         <name>tls.obj</name>
      </input_file>
      <input_file id="fl-1b">
         <path>C:\ProgramData\App-V\52EB7CA7-C912-4647-896C-AD7297F4555C\A88AFD82-1D4C-4381-87C8-2C47506DA387\Root\ccsv8\tools\compiler\ti-cgt-c6000_8.2.4\lib\</path>
         <kind>archive</kind>
         <file>rts6740_elf.lib</file>
         <name>tls_get_tp.obj</name>
      </input_file>
   </input_file_list>
   <object_component_list>
      <object_component id="oc-25">
         <name>vectors</name>
         <load_address>0x11800000</load_address>
         <run_address>0x11800000</run_address>
         <size>0x200</size>
         <input_file_ref idref="fl-7"/>
      </object_component>
      <object_component id="oc-d4">
         <name>.neardata</name>
         <load_address>0x11802004</load_address>
         <run_address>0x11802004</run_address>
         <size>0x4</size>
         <input_file_ref idref="fl-4"/>
      </object_component>
      <object_component id="oc-81">
         <name>.common:y</name>
         <uninitialized>true</uninitialized>
         <run_address>0x1180205c</run_address>
         <size>0x4</size>
      </object_component>
      <object_component id="oc-82">
         <name>.common:yRight</name>
         <uninitialized>true</uninitialized>
         <run_address>0x11802060</run_address>
         <size>0x4</size>
      </object_component>
      <object_component id="oc-86">
         <name>.common:i</name>
         <uninitialized>true</uninitialized>
         <run_address>0x11802058</run_address>
         <size>0x4</size>
      </object_component>
      <object_component id="oc-164">
         <name>.cinit..fardata.load</name>
         <load_address>0x11802068</load_address>
         <run_address>0x11802068</run_address>
         <size>0x38</size>
      </object_component>
      <object_component id="oc-162">
         <name>.cinit..bss.load</name>
         <load_address>0x118020a0</load_address>
         <run_address>0x118020a0</run_address>
         <size>0x9</size>
      </object_component>
      <object_component id="oc-163">
         <name>.cinit..far.load</name>
         <load_address>0x118020a9</load_address>
         <run_address>0x118020a9</run_address>
         <size>0x9</size>
      </object_component>
      <object_component id="oc-161">
         <name>.cinit..neardata.load</name>
         <load_address>0x118020b2</load_address>
         <run_address>0x118020b2</run_address>
         <size>0x9</size>
      </object_component>
      <object_component id="oc-15f">
         <name>__TI_handler_table</name>
         <load_address>0x118020bc</load_address>
         <run_address>0x118020bc</run_address>
         <size>0x8</size>
      </object_component>
      <object_component id="oc-160">
         <name>__TI_cinit_table</name>
         <load_address>0x118020c8</load_address>
         <run_address>0x118020c8</run_address>
         <size>0x20</size>
      </object_component>
      <object_component id="oc-35">
         <name>.stack</name>
         <uninitialized>true</uninitialized>
         <run_address>0x11801bc0</run_address>
         <size>0x8</size>
         <input_file_ref idref="fl-d"/>
      </object_component>
      <object_component id="oc-165">
         <name>.stack</name>
         <uninitialized>true</uninitialized>
         <run_address>0x11801bc0</run_address>
         <size>0x0</size>
      </object_component>
      <object_component id="oc-76">
         <name>.text</name>
         <load_address>0x11800200</load_address>
         <run_address>0x11800200</run_address>
         <size>0xde0</size>
         <input_file_ref idref="fl-4"/>
      </object_component>
      <object_component id="oc-2f">
         <name>.text:retain</name>
         <load_address>0x11800fe0</load_address>
         <run_address>0x11800fe0</run_address>
         <size>0x300</size>
         <input_file_ref idref="fl-3"/>
      </object_component>
      <object_component id="oc-6e">
         <name>.text:_auto_init_elf</name>
         <load_address>0x118012e0</load_address>
         <run_address>0x118012e0</run_address>
         <size>0x160</size>
         <input_file_ref idref="fl-17"/>
      </object_component>
      <object_component id="oc-44">
         <name>.text:__TI_decompress_rle_core</name>
         <load_address>0x11801440</load_address>
         <run_address>0x11801440</run_address>
         <size>0x100</size>
         <input_file_ref idref="fl-f"/>
      </object_component>
      <object_component id="oc-c0">
         <name>.text:copy_in</name>
         <load_address>0x11801540</load_address>
         <run_address>0x11801540</run_address>
         <size>0x100</size>
         <input_file_ref idref="fl-18"/>
      </object_component>
      <object_component id="oc-62">
         <name>.text:exit</name>
         <load_address>0x11801640</load_address>
         <run_address>0x11801640</run_address>
         <size>0xe0</size>
         <input_file_ref idref="fl-12"/>
      </object_component>
      <object_component id="oc-50">
         <name>.text:memset</name>
         <load_address>0x11801720</load_address>
         <run_address>0x11801720</run_address>
         <size>0xe0</size>
         <input_file_ref idref="fl-14"/>
      </object_component>
      <object_component id="oc-d8">
         <name>.text:__divu</name>
         <load_address>0x11801800</load_address>
         <run_address>0x11801800</run_address>
         <size>0xc0</size>
         <input_file_ref idref="fl-11"/>
      </object_component>
      <object_component id="oc-cc">
         <name>.text:tls:init:__TI_tls_init</name>
         <load_address>0x118018c0</load_address>
         <run_address>0x118018c0</run_address>
         <size>0xc0</size>
         <input_file_ref idref="fl-1a"/>
      </object_component>
      <object_component id="oc-38">
         <name>.text:memcpy</name>
         <load_address>0x11801980</load_address>
         <run_address>0x11801980</run_address>
         <size>0xa0</size>
         <input_file_ref idref="fl-13"/>
      </object_component>
      <object_component id="oc-24">
         <name>.text:_c_int00</name>
         <load_address>0x11801a20</load_address>
         <run_address>0x11801a20</run_address>
         <size>0x80</size>
         <input_file_ref idref="fl-d"/>
      </object_component>
      <object_component id="oc-5c">
         <name>.text:_args_main</name>
         <load_address>0x11801aa0</load_address>
         <run_address>0x11801aa0</run_address>
         <size>0x40</size>
         <input_file_ref idref="fl-16"/>
      </object_component>
      <object_component id="oc-f7">
         <name>.text</name>
         <load_address>0x11801ae0</load_address>
         <run_address>0x11801ae0</run_address>
         <size>0x20</size>
         <input_file_ref idref="fl-5"/>
      </object_component>
      <object_component id="oc-c6">
         <name>.text:_system_post_cinit</name>
         <load_address>0x11801b00</load_address>
         <run_address>0x11801b00</run_address>
         <size>0x20</size>
         <input_file_ref idref="fl-19"/>
      </object_component>
      <object_component id="oc-68">
         <name>.text:_system_pre_init</name>
         <load_address>0x11801b20</load_address>
         <run_address>0x11801b20</run_address>
         <size>0x20</size>
         <input_file_ref idref="fl-15"/>
      </object_component>
      <object_component id="oc-b7">
         <name>.text:abort</name>
         <load_address>0x11801b40</load_address>
         <run_address>0x11801b40</run_address>
         <size>0x20</size>
         <input_file_ref idref="fl-12"/>
      </object_component>
      <object_component id="oc-12">
         <name>.text:decompress:none:__TI_decompress_none</name>
         <load_address>0x11801b60</load_address>
         <run_address>0x11801b60</run_address>
         <size>0x20</size>
         <input_file_ref idref="fl-e"/>
      </object_component>
      <object_component id="oc-18">
         <name>.text:decompress:rle24:__TI_decompress_rle24</name>
         <load_address>0x11801b80</load_address>
         <run_address>0x11801b80</run_address>
         <size>0x20</size>
         <input_file_ref idref="fl-f"/>
      </object_component>
      <object_component id="oc-ac">
         <name>.text</name>
         <load_address>0x11801ba0</load_address>
         <run_address>0x11801ba0</run_address>
         <size>0x20</size>
         <input_file_ref idref="fl-6"/>
      </object_component>
      <object_component id="oc-d7">
         <name>.switch:SetSampleRate_AIC3106</name>
         <load_address>0x11802040</load_address>
         <run_address>0x11802040</run_address>
         <size>0x18</size>
         <input_file_ref idref="fl-4"/>
      </object_component>
      <object_component id="oc-7c">
         <name>.common:CodecDataIn</name>
         <uninitialized>true</uninitialized>
         <run_address>0x11801fd4</run_address>
         <size>0x4</size>
      </object_component>
      <object_component id="oc-8b">
         <name>.common:CodecDataOut</name>
         <uninitialized>true</uninitialized>
         <run_address>0x11801fec</run_address>
         <size>0x4</size>
      </object_component>
      <object_component id="oc-7f">
         <name>.common:xLeft</name>
         <uninitialized>true</uninitialized>
         <run_address>0x11801fc0</run_address>
         <size>0x14</size>
      </object_component>
      <object_component id="oc-80">
         <name>.common:xRight</name>
         <uninitialized>true</uninitialized>
         <run_address>0x11801fd8</run_address>
         <size>0x14</size>
      </object_component>
      <object_component id="oc-87">
         <name>.common:yLeft</name>
         <uninitialized>true</uninitialized>
         <run_address>0x11801ff0</run_address>
         <size>0x14</size>
      </object_component>
      <object_component id="oc-83">
         <name>.fardata:B</name>
         <load_address>0x11802020</load_address>
         <run_address>0x11802020</run_address>
         <size>0x14</size>
         <input_file_ref idref="fl-2"/>
      </object_component>
      <object_component id="oc-88">
         <name>.fardata:A</name>
         <load_address>0x11802008</load_address>
         <run_address>0x11802008</run_address>
         <size>0x14</size>
         <input_file_ref idref="fl-2"/>
      </object_component>
      <object_component id="oc-b4">
         <name>.fardata</name>
         <load_address>0x11802034</load_address>
         <run_address>0x11802034</run_address>
         <size>0xc</size>
         <input_file_ref idref="fl-12"/>
      </object_component>
      <object_component id="oc-ec">
         <name>.debug_info</name>
         <load_address>0x0</load_address>
         <run_address>0x0</run_address>
         <size>0xa0</size>
         <input_file_ref idref="fl-2"/>
      </object_component>
      <object_component id="oc-84">
         <name>.debug_info</name>
         <load_address>0xa0</load_address>
         <run_address>0xa0</run_address>
         <size>0xa5</size>
         <input_file_ref idref="fl-2"/>
      </object_component>
      <object_component id="oc-89">
         <name>.debug_info</name>
         <load_address>0x145</load_address>
         <run_address>0x145</run_address>
         <size>0xa5</size>
         <input_file_ref idref="fl-2"/>
      </object_component>
      <object_component id="oc-98">
         <name>.debug_info</name>
         <load_address>0x1ea</load_address>
         <run_address>0x1ea</run_address>
         <size>0xb2</size>
         <input_file_ref idref="fl-2"/>
      </object_component>
      <object_component id="oc-7d">
         <name>.debug_info</name>
         <load_address>0x29c</load_address>
         <run_address>0x29c</run_address>
         <size>0x750</size>
         <input_file_ref idref="fl-3"/>
      </object_component>
      <object_component id="oc-33">
         <name>.debug_info</name>
         <load_address>0x9ec</load_address>
         <run_address>0x9ec</run_address>
         <size>0x135</size>
         <input_file_ref idref="fl-3"/>
      </object_component>
      <object_component id="oc-120">
         <name>.debug_info</name>
         <load_address>0xb21</load_address>
         <run_address>0xb21</run_address>
         <size>0x99d</size>
         <input_file_ref idref="fl-3"/>
      </object_component>
      <object_component id="oc-e6">
         <name>.debug_info</name>
         <load_address>0x14be</load_address>
         <run_address>0x14be</run_address>
         <size>0x51</size>
         <input_file_ref idref="fl-3"/>
      </object_component>
      <object_component id="oc-de">
         <name>.debug_info</name>
         <load_address>0x150f</load_address>
         <run_address>0x150f</run_address>
         <size>0xbb</size>
         <input_file_ref idref="fl-3"/>
      </object_component>
      <object_component id="oc-e3">
         <name>.debug_info</name>
         <load_address>0x15ca</load_address>
         <run_address>0x15ca</run_address>
         <size>0x5dd</size>
         <input_file_ref idref="fl-4"/>
      </object_component>
      <object_component id="oc-d5">
         <name>.debug_info</name>
         <load_address>0x1ba7</load_address>
         <run_address>0x1ba7</run_address>
         <size>0xc0</size>
         <input_file_ref idref="fl-4"/>
      </object_component>
      <object_component id="oc-77">
         <name>.debug_info</name>
         <load_address>0x1c67</load_address>
         <run_address>0x1c67</run_address>
         <size>0x156e</size>
         <input_file_ref idref="fl-4"/>
      </object_component>
      <object_component id="oc-fa">
         <name>.debug_info</name>
         <load_address>0x31d5</load_address>
         <run_address>0x31d5</run_address>
         <size>0xe2</size>
         <input_file_ref idref="fl-5"/>
      </object_component>
      <object_component id="oc-ad">
         <name>.debug_info</name>
         <load_address>0x32b7</load_address>
         <run_address>0x32b7</run_address>
         <size>0xee</size>
         <input_file_ref idref="fl-6"/>
      </object_component>
      <object_component id="oc-28">
         <name>.debug_info</name>
         <load_address>0x33a5</load_address>
         <run_address>0x33a5</run_address>
         <size>0xbe</size>
         <input_file_ref idref="fl-7"/>
      </object_component>
      <object_component id="oc-8f">
         <name>.debug_info</name>
         <load_address>0x3463</load_address>
         <run_address>0x3463</run_address>
         <size>0x5d6</size>
         <input_file_ref idref="fl-d"/>
      </object_component>
      <object_component id="oc-36">
         <name>.debug_info</name>
         <load_address>0x3a39</load_address>
         <run_address>0x3a39</run_address>
         <size>0xed</size>
         <input_file_ref idref="fl-d"/>
      </object_component>
      <object_component id="oc-2d">
         <name>.debug_info</name>
         <load_address>0x3b26</load_address>
         <run_address>0x3b26</run_address>
         <size>0x17a</size>
         <input_file_ref idref="fl-d"/>
      </object_component>
      <object_component id="oc-43">
         <name>.debug_info</name>
         <load_address>0x3ca0</load_address>
         <run_address>0x3ca0</run_address>
         <size>0x5ab</size>
         <input_file_ref idref="fl-e"/>
      </object_component>
      <object_component id="oc-13">
         <name>.debug_info</name>
         <load_address>0x424b</load_address>
         <run_address>0x424b</run_address>
         <size>0x1c4</size>
         <input_file_ref idref="fl-e"/>
      </object_component>
      <object_component id="oc-3e">
         <name>.debug_info</name>
         <load_address>0x440f</load_address>
         <run_address>0x440f</run_address>
         <size>0x46</size>
         <input_file_ref idref="fl-e"/>
      </object_component>
      <object_component id="oc-91">
         <name>.debug_info</name>
         <load_address>0x4455</load_address>
         <run_address>0x4455</run_address>
         <size>0x2c</size>
         <input_file_ref idref="fl-e"/>
      </object_component>
      <object_component id="oc-9e">
         <name>.debug_info</name>
         <load_address>0x4481</load_address>
         <run_address>0x4481</run_address>
         <size>0x595</size>
         <input_file_ref idref="fl-f"/>
      </object_component>
      <object_component id="oc-46">
         <name>.debug_info</name>
         <load_address>0x4a16</load_address>
         <run_address>0x4a16</run_address>
         <size>0x24c</size>
         <input_file_ref idref="fl-f"/>
      </object_component>
      <object_component id="oc-1b">
         <name>.debug_info</name>
         <load_address>0x4c62</load_address>
         <run_address>0x4c62</run_address>
         <size>0x1a9</size>
         <input_file_ref idref="fl-f"/>
      </object_component>
      <object_component id="oc-4b">
         <name>.debug_info</name>
         <load_address>0x4e0b</load_address>
         <run_address>0x4e0b</run_address>
         <size>0x46</size>
         <input_file_ref idref="fl-f"/>
      </object_component>
      <object_component id="oc-a6">
         <name>.debug_info</name>
         <load_address>0x4e51</load_address>
         <run_address>0x4e51</run_address>
         <size>0x2c</size>
         <input_file_ref idref="fl-f"/>
      </object_component>
      <object_component id="oc-9f">
         <name>.debug_info</name>
         <load_address>0x4e7d</load_address>
         <run_address>0x4e7d</run_address>
         <size>0x39</size>
         <input_file_ref idref="fl-f"/>
      </object_component>
      <object_component id="oc-da">
         <name>.debug_info</name>
         <load_address>0x4eb6</load_address>
         <run_address>0x4eb6</run_address>
         <size>0x10c</size>
         <input_file_ref idref="fl-11"/>
      </object_component>
      <object_component id="oc-be">
         <name>.debug_info</name>
         <load_address>0x4fc2</load_address>
         <run_address>0x4fc2</run_address>
         <size>0x5bf</size>
         <input_file_ref idref="fl-12"/>
      </object_component>
      <object_component id="oc-b5">
         <name>.debug_info</name>
         <load_address>0x5581</load_address>
         <run_address>0x5581</run_address>
         <size>0x17d</size>
         <input_file_ref idref="fl-12"/>
      </object_component>
      <object_component id="oc-ba">
         <name>.debug_info</name>
         <load_address>0x56fe</load_address>
         <run_address>0x56fe</run_address>
         <size>0x10f</size>
         <input_file_ref idref="fl-12"/>
      </object_component>
      <object_component id="oc-66">
         <name>.debug_info</name>
         <load_address>0x580d</load_address>
         <run_address>0x580d</run_address>
         <size>0x16f</size>
         <input_file_ref idref="fl-12"/>
      </object_component>
      <object_component id="oc-3b">
         <name>.debug_info</name>
         <load_address>0x597c</load_address>
         <run_address>0x597c</run_address>
         <size>0x119</size>
         <input_file_ref idref="fl-13"/>
      </object_component>
      <object_component id="oc-a5">
         <name>.debug_info</name>
         <load_address>0x5a95</load_address>
         <run_address>0x5a95</run_address>
         <size>0x674</size>
         <input_file_ref idref="fl-14"/>
      </object_component>
      <object_component id="oc-54">
         <name>.debug_info</name>
         <load_address>0x6109</load_address>
         <run_address>0x6109</run_address>
         <size>0x21c</size>
         <input_file_ref idref="fl-14"/>
      </object_component>
      <object_component id="oc-69">
         <name>.debug_info</name>
         <load_address>0x6325</load_address>
         <run_address>0x6325</run_address>
         <size>0x140</size>
         <input_file_ref idref="fl-15"/>
      </object_component>
      <object_component id="oc-b3">
         <name>.debug_info</name>
         <load_address>0x6465</load_address>
         <run_address>0x6465</run_address>
         <size>0x5cc</size>
         <input_file_ref idref="fl-16"/>
      </object_component>
      <object_component id="oc-5f">
         <name>.debug_info</name>
         <load_address>0x6a31</load_address>
         <run_address>0x6a31</run_address>
         <size>0x15f</size>
         <input_file_ref idref="fl-16"/>
      </object_component>
      <object_component id="oc-100">
         <name>.debug_info</name>
         <load_address>0x6b90</load_address>
         <run_address>0x6b90</run_address>
         <size>0x5e</size>
         <input_file_ref idref="fl-16"/>
      </object_component>
      <object_component id="oc-d3">
         <name>.debug_info</name>
         <load_address>0x6bee</load_address>
         <run_address>0x6bee</run_address>
         <size>0x79e</size>
         <input_file_ref idref="fl-17"/>
      </object_component>
      <object_component id="oc-6f">
         <name>.debug_info</name>
         <load_address>0x738c</load_address>
         <run_address>0x738c</run_address>
         <size>0x1bc</size>
         <input_file_ref idref="fl-17"/>
      </object_component>
      <object_component id="oc-111">
         <name>.debug_info</name>
         <load_address>0x7548</load_address>
         <run_address>0x7548</run_address>
         <size>0x39</size>
         <input_file_ref idref="fl-17"/>
      </object_component>
      <object_component id="oc-13b">
         <name>.debug_info</name>
         <load_address>0x7581</load_address>
         <run_address>0x7581</run_address>
         <size>0x39</size>
         <input_file_ref idref="fl-17"/>
      </object_component>
      <object_component id="oc-116">
         <name>.debug_info</name>
         <load_address>0x75ba</load_address>
         <run_address>0x75ba</run_address>
         <size>0xcd</size>
         <input_file_ref idref="fl-17"/>
      </object_component>
      <object_component id="oc-10b">
         <name>.debug_info</name>
         <load_address>0x7687</load_address>
         <run_address>0x7687</run_address>
         <size>0x650</size>
         <input_file_ref idref="fl-18"/>
      </object_component>
      <object_component id="oc-c2">
         <name>.debug_info</name>
         <load_address>0x7cd7</load_address>
         <run_address>0x7cd7</run_address>
         <size>0x194</size>
         <input_file_ref idref="fl-18"/>
      </object_component>
      <object_component id="oc-12a">
         <name>.debug_info</name>
         <load_address>0x7e6b</load_address>
         <run_address>0x7e6b</run_address>
         <size>0x2c</size>
         <input_file_ref idref="fl-18"/>
      </object_component>
      <object_component id="oc-c8">
         <name>.debug_info</name>
         <load_address>0x7e97</load_address>
         <run_address>0x7e97</run_address>
         <size>0x13d</size>
         <input_file_ref idref="fl-19"/>
      </object_component>
      <object_component id="oc-10e">
         <name>.debug_info</name>
         <load_address>0x7fd4</load_address>
         <run_address>0x7fd4</run_address>
         <size>0x744</size>
         <input_file_ref idref="fl-1a"/>
      </object_component>
      <object_component id="oc-cd">
         <name>.debug_info</name>
         <load_address>0x8718</load_address>
         <run_address>0x8718</run_address>
         <size>0x207</size>
         <input_file_ref idref="fl-1a"/>
      </object_component>
      <object_component id="oc-131">
         <name>.debug_info</name>
         <load_address>0x891f</load_address>
         <run_address>0x891f</run_address>
         <size>0x2c</size>
         <input_file_ref idref="fl-1a"/>
      </object_component>
      <object_component id="oc-136">
         <name>.debug_info</name>
         <load_address>0x894b</load_address>
         <run_address>0x894b</run_address>
         <size>0x39</size>
         <input_file_ref idref="fl-1a"/>
      </object_component>
      <object_component id="oc-166">
         <name>.debug_info</name>
         <load_address>0x8984</load_address>
         <run_address>0x8984</run_address>
         <size>0x8d</size>
      </object_component>
      <object_component id="oc-126">
         <name>.debug_line</name>
         <load_address>0x0</load_address>
         <run_address>0x0</run_address>
         <size>0x20</size>
         <input_file_ref idref="fl-2"/>
      </object_component>
      <object_component id="oc-eb">
         <name>.debug_line</name>
         <load_address>0x20</load_address>
         <run_address>0x20</run_address>
         <size>0x2f</size>
         <input_file_ref idref="fl-2"/>
      </object_component>
      <object_component id="oc-ee">
         <name>.debug_line</name>
         <load_address>0x4f</load_address>
         <run_address>0x4f</run_address>
         <size>0x2f</size>
         <input_file_ref idref="fl-2"/>
      </object_component>
      <object_component id="oc-9a">
         <name>.debug_line</name>
         <load_address>0x7e</load_address>
         <run_address>0x7e</run_address>
         <size>0x20</size>
         <input_file_ref idref="fl-2"/>
      </object_component>
      <object_component id="oc-e5">
         <name>.debug_line</name>
         <load_address>0x9e</load_address>
         <run_address>0x9e</run_address>
         <size>0x5d</size>
         <input_file_ref idref="fl-3"/>
      </object_component>
      <object_component id="oc-31">
         <name>.debug_line</name>
         <load_address>0xfb</load_address>
         <run_address>0xfb</run_address>
         <size>0x84</size>
         <input_file_ref idref="fl-3"/>
      </object_component>
      <object_component id="oc-122">
         <name>.debug_line</name>
         <load_address>0x17f</load_address>
         <run_address>0x17f</run_address>
         <size>0x39</size>
         <input_file_ref idref="fl-3"/>
      </object_component>
      <object_component id="oc-e7">
         <name>.debug_line</name>
         <load_address>0x1b8</load_address>
         <run_address>0x1b8</run_address>
         <size>0x35</size>
         <input_file_ref idref="fl-3"/>
      </object_component>
      <object_component id="oc-e0">
         <name>.debug_line</name>
         <load_address>0x1ed</load_address>
         <run_address>0x1ed</run_address>
         <size>0x33</size>
         <input_file_ref idref="fl-3"/>
      </object_component>
      <object_component id="oc-11f">
         <name>.debug_line</name>
         <load_address>0x220</load_address>
         <run_address>0x220</run_address>
         <size>0x20</size>
         <input_file_ref idref="fl-4"/>
      </object_component>
      <object_component id="oc-11c">
         <name>.debug_line</name>
         <load_address>0x240</load_address>
         <run_address>0x240</run_address>
         <size>0x39</size>
         <input_file_ref idref="fl-4"/>
      </object_component>
      <object_component id="oc-7b">
         <name>.debug_line</name>
         <load_address>0x279</load_address>
         <run_address>0x279</run_address>
         <size>0x635</size>
         <input_file_ref idref="fl-4"/>
      </object_component>
      <object_component id="oc-fc">
         <name>.debug_line</name>
         <load_address>0x8ae</load_address>
         <run_address>0x8ae</run_address>
         <size>0x3e</size>
         <input_file_ref idref="fl-5"/>
      </object_component>
      <object_component id="oc-b0">
         <name>.debug_line</name>
         <load_address>0x8ec</load_address>
         <run_address>0x8ec</run_address>
         <size>0x43</size>
         <input_file_ref idref="fl-6"/>
      </object_component>
      <object_component id="oc-26">
         <name>.debug_line</name>
         <load_address>0x92f</load_address>
         <run_address>0x92f</run_address>
         <size>0xbc</size>
         <input_file_ref idref="fl-7"/>
      </object_component>
      <object_component id="oc-f0">
         <name>.debug_line</name>
         <load_address>0x9eb</load_address>
         <run_address>0x9eb</run_address>
         <size>0x48</size>
         <input_file_ref idref="fl-d"/>
      </object_component>
      <object_component id="oc-8e">
         <name>.debug_line</name>
         <load_address>0xa33</load_address>
         <run_address>0xa33</run_address>
         <size>0x2a</size>
         <input_file_ref idref="fl-d"/>
      </object_component>
      <object_component id="oc-2c">
         <name>.debug_line</name>
         <load_address>0xa5d</load_address>
         <run_address>0xa5d</run_address>
         <size>0x5d</size>
         <input_file_ref idref="fl-d"/>
      </object_component>
      <object_component id="oc-97">
         <name>.debug_line</name>
         <load_address>0xaba</load_address>
         <run_address>0xaba</run_address>
         <size>0x8a</size>
         <input_file_ref idref="fl-e"/>
      </object_component>
      <object_component id="oc-17">
         <name>.debug_line</name>
         <load_address>0xb44</load_address>
         <run_address>0xb44</run_address>
         <size>0x53</size>
         <input_file_ref idref="fl-e"/>
      </object_component>
      <object_component id="oc-40">
         <name>.debug_line</name>
         <load_address>0xb97</load_address>
         <run_address>0xb97</run_address>
         <size>0x3a</size>
         <input_file_ref idref="fl-e"/>
      </object_component>
      <object_component id="oc-93">
         <name>.debug_line</name>
         <load_address>0xbd1</load_address>
         <run_address>0xbd1</run_address>
         <size>0x8a</size>
         <input_file_ref idref="fl-e"/>
      </object_component>
      <object_component id="oc-f2">
         <name>.debug_line</name>
         <load_address>0xc5b</load_address>
         <run_address>0xc5b</run_address>
         <size>0x8a</size>
         <input_file_ref idref="fl-f"/>
      </object_component>
      <object_component id="oc-49">
         <name>.debug_line</name>
         <load_address>0xce5</load_address>
         <run_address>0xce5</run_address>
         <size>0xc3</size>
         <input_file_ref idref="fl-f"/>
      </object_component>
      <object_component id="oc-19">
         <name>.debug_line</name>
         <load_address>0xda8</load_address>
         <run_address>0xda8</run_address>
         <size>0x49</size>
         <input_file_ref idref="fl-f"/>
      </object_component>
      <object_component id="oc-4d">
         <name>.debug_line</name>
         <load_address>0xdf1</load_address>
         <run_address>0xdf1</run_address>
         <size>0x39</size>
         <input_file_ref idref="fl-f"/>
      </object_component>
      <object_component id="oc-a8">
         <name>.debug_line</name>
         <load_address>0xe2a</load_address>
         <run_address>0xe2a</run_address>
         <size>0x8a</size>
         <input_file_ref idref="fl-f"/>
      </object_component>
      <object_component id="oc-a1">
         <name>.debug_line</name>
         <load_address>0xeb4</load_address>
         <run_address>0xeb4</run_address>
         <size>0x8a</size>
         <input_file_ref idref="fl-f"/>
      </object_component>
      <object_component id="oc-d9">
         <name>.debug_line</name>
         <load_address>0xf3e</load_address>
         <run_address>0xf3e</run_address>
         <size>0x47</size>
         <input_file_ref idref="fl-11"/>
      </object_component>
      <object_component id="oc-109">
         <name>.debug_line</name>
         <load_address>0xf85</load_address>
         <run_address>0xf85</run_address>
         <size>0x89</size>
         <input_file_ref idref="fl-12"/>
      </object_component>
      <object_component id="oc-106">
         <name>.debug_line</name>
         <load_address>0x100e</load_address>
         <run_address>0x100e</run_address>
         <size>0x2a</size>
         <input_file_ref idref="fl-12"/>
      </object_component>
      <object_component id="oc-b8">
         <name>.debug_line</name>
         <load_address>0x1038</load_address>
         <run_address>0x1038</run_address>
         <size>0x3a</size>
         <input_file_ref idref="fl-12"/>
      </object_component>
      <object_component id="oc-65">
         <name>.debug_line</name>
         <load_address>0x1072</load_address>
         <run_address>0x1072</run_address>
         <size>0x89</size>
         <input_file_ref idref="fl-12"/>
      </object_component>
      <object_component id="oc-3a">
         <name>.debug_line</name>
         <load_address>0x10fb</load_address>
         <run_address>0x10fb</run_address>
         <size>0x4d</size>
         <input_file_ref idref="fl-13"/>
      </object_component>
      <object_component id="oc-f4">
         <name>.debug_line</name>
         <load_address>0x1148</load_address>
         <run_address>0x1148</run_address>
         <size>0x20</size>
         <input_file_ref idref="fl-14"/>
      </object_component>
      <object_component id="oc-52">
         <name>.debug_line</name>
         <load_address>0x1168</load_address>
         <run_address>0x1168</run_address>
         <size>0x69</size>
         <input_file_ref idref="fl-14"/>
      </object_component>
      <object_component id="oc-6c">
         <name>.debug_line</name>
         <load_address>0x11d1</load_address>
         <run_address>0x11d1</run_address>
         <size>0x40</size>
         <input_file_ref idref="fl-15"/>
      </object_component>
      <object_component id="oc-ff">
         <name>.debug_line</name>
         <load_address>0x1211</load_address>
         <run_address>0x1211</run_address>
         <size>0x2b</size>
         <input_file_ref idref="fl-16"/>
      </object_component>
      <object_component id="oc-5e">
         <name>.debug_line</name>
         <load_address>0x123c</load_address>
         <run_address>0x123c</run_address>
         <size>0x4a</size>
         <input_file_ref idref="fl-16"/>
      </object_component>
      <object_component id="oc-102">
         <name>.debug_line</name>
         <load_address>0x1286</load_address>
         <run_address>0x1286</run_address>
         <size>0x2b</size>
         <input_file_ref idref="fl-16"/>
      </object_component>
      <object_component id="oc-110">
         <name>.debug_line</name>
         <load_address>0x12b1</load_address>
         <run_address>0x12b1</run_address>
         <size>0xa9</size>
         <input_file_ref idref="fl-17"/>
      </object_component>
      <object_component id="oc-73">
         <name>.debug_line</name>
         <load_address>0x135a</load_address>
         <run_address>0x135a</run_address>
         <size>0xdd</size>
         <input_file_ref idref="fl-17"/>
      </object_component>
      <object_component id="oc-113">
         <name>.debug_line</name>
         <load_address>0x1437</load_address>
         <run_address>0x1437</run_address>
         <size>0x2e</size>
         <input_file_ref idref="fl-17"/>
      </object_component>
      <object_component id="oc-13d">
         <name>.debug_line</name>
         <load_address>0x1465</load_address>
         <run_address>0x1465</run_address>
         <size>0x8a</size>
         <input_file_ref idref="fl-17"/>
      </object_component>
      <object_component id="oc-118">
         <name>.debug_line</name>
         <load_address>0x14ef</load_address>
         <run_address>0x14ef</run_address>
         <size>0x8b</size>
         <input_file_ref idref="fl-17"/>
      </object_component>
      <object_component id="oc-129">
         <name>.debug_line</name>
         <load_address>0x157a</load_address>
         <run_address>0x157a</run_address>
         <size>0x98</size>
         <input_file_ref idref="fl-18"/>
      </object_component>
      <object_component id="oc-c5">
         <name>.debug_line</name>
         <load_address>0x1612</load_address>
         <run_address>0x1612</run_address>
         <size>0xa3</size>
         <input_file_ref idref="fl-18"/>
      </object_component>
      <object_component id="oc-12c">
         <name>.debug_line</name>
         <load_address>0x16b5</load_address>
         <run_address>0x16b5</run_address>
         <size>0x2e</size>
         <input_file_ref idref="fl-18"/>
      </object_component>
      <object_component id="oc-c7">
         <name>.debug_line</name>
         <load_address>0x16e3</load_address>
         <run_address>0x16e3</run_address>
         <size>0x3b</size>
         <input_file_ref idref="fl-19"/>
      </object_component>
      <object_component id="oc-130">
         <name>.debug_line</name>
         <load_address>0x171e</load_address>
         <run_address>0x171e</run_address>
         <size>0x29</size>
         <input_file_ref idref="fl-1a"/>
      </object_component>
      <object_component id="oc-d0">
         <name>.debug_line</name>
         <load_address>0x1747</load_address>
         <run_address>0x1747</run_address>
         <size>0x7a</size>
         <input_file_ref idref="fl-1a"/>
      </object_component>
      <object_component id="oc-133">
         <name>.debug_line</name>
         <load_address>0x17c1</load_address>
         <run_address>0x17c1</run_address>
         <size>0x29</size>
         <input_file_ref idref="fl-1a"/>
      </object_component>
      <object_component id="oc-138">
         <name>.debug_line</name>
         <load_address>0x17ea</load_address>
         <run_address>0x17ea</run_address>
         <size>0x8a</size>
         <input_file_ref idref="fl-1a"/>
      </object_component>
      <object_component id="oc-125">
         <name>.debug_abbrev</name>
         <load_address>0x0</load_address>
         <run_address>0x0</run_address>
         <size>0x27</size>
         <input_file_ref idref="fl-2"/>
      </object_component>
      <object_component id="oc-ea">
         <name>.debug_abbrev</name>
         <load_address>0x27</load_address>
         <run_address>0x27</run_address>
         <size>0x29</size>
         <input_file_ref idref="fl-2"/>
      </object_component>
      <object_component id="oc-ed">
         <name>.debug_abbrev</name>
         <load_address>0x50</load_address>
         <run_address>0x50</run_address>
         <size>0x29</size>
         <input_file_ref idref="fl-2"/>
      </object_component>
      <object_component id="oc-9b">
         <name>.debug_abbrev</name>
         <load_address>0x79</load_address>
         <run_address>0x79</run_address>
         <size>0x2e</size>
         <input_file_ref idref="fl-2"/>
      </object_component>
      <object_component id="oc-e4">
         <name>.debug_abbrev</name>
         <load_address>0xa7</load_address>
         <run_address>0xa7</run_address>
         <size>0xd4</size>
         <input_file_ref idref="fl-3"/>
      </object_component>
      <object_component id="oc-8c">
         <name>.debug_abbrev</name>
         <load_address>0x17b</load_address>
         <run_address>0x17b</run_address>
         <size>0x61</size>
         <input_file_ref idref="fl-3"/>
      </object_component>
      <object_component id="oc-123">
         <name>.debug_abbrev</name>
         <load_address>0x1dc</load_address>
         <run_address>0x1dc</run_address>
         <size>0x9d</size>
         <input_file_ref idref="fl-3"/>
      </object_component>
      <object_component id="oc-e8">
         <name>.debug_abbrev</name>
         <load_address>0x279</load_address>
         <run_address>0x279</run_address>
         <size>0x38</size>
         <input_file_ref idref="fl-3"/>
      </object_component>
      <object_component id="oc-e1">
         <name>.debug_abbrev</name>
         <load_address>0x2b1</load_address>
         <run_address>0x2b1</run_address>
         <size>0x24</size>
         <input_file_ref idref="fl-3"/>
      </object_component>
      <object_component id="oc-11e">
         <name>.debug_abbrev</name>
         <load_address>0x2d5</load_address>
         <run_address>0x2d5</run_address>
         <size>0x4f</size>
         <input_file_ref idref="fl-4"/>
      </object_component>
      <object_component id="oc-11b">
         <name>.debug_abbrev</name>
         <load_address>0x324</load_address>
         <run_address>0x324</run_address>
         <size>0x27</size>
         <input_file_ref idref="fl-4"/>
      </object_component>
      <object_component id="oc-dd">
         <name>.debug_abbrev</name>
         <load_address>0x34b</load_address>
         <run_address>0x34b</run_address>
         <size>0x132</size>
         <input_file_ref idref="fl-4"/>
      </object_component>
      <object_component id="oc-127">
         <name>.debug_abbrev</name>
         <load_address>0x47d</load_address>
         <run_address>0x47d</run_address>
         <size>0x50</size>
         <input_file_ref idref="fl-5"/>
      </object_component>
      <object_component id="oc-fd">
         <name>.debug_abbrev</name>
         <load_address>0x4cd</load_address>
         <run_address>0x4cd</run_address>
         <size>0x54</size>
         <input_file_ref idref="fl-6"/>
      </object_component>
      <object_component id="oc-74">
         <name>.debug_abbrev</name>
         <load_address>0x521</load_address>
         <run_address>0x521</run_address>
         <size>0x25</size>
         <input_file_ref idref="fl-7"/>
      </object_component>
      <object_component id="oc-ef">
         <name>.debug_abbrev</name>
         <load_address>0x546</load_address>
         <run_address>0x546</run_address>
         <size>0x79</size>
         <input_file_ref idref="fl-d"/>
      </object_component>
      <object_component id="oc-8d">
         <name>.debug_abbrev</name>
         <load_address>0x5bf</load_address>
         <run_address>0x5bf</run_address>
         <size>0x29</size>
         <input_file_ref idref="fl-d"/>
      </object_component>
      <object_component id="oc-75">
         <name>.debug_abbrev</name>
         <load_address>0x5e8</load_address>
         <run_address>0x5e8</run_address>
         <size>0x64</size>
         <input_file_ref idref="fl-d"/>
      </object_component>
      <object_component id="oc-96">
         <name>.debug_abbrev</name>
         <load_address>0x64c</load_address>
         <run_address>0x64c</run_address>
         <size>0x64</size>
         <input_file_ref idref="fl-e"/>
      </object_component>
      <object_component id="oc-3d">
         <name>.debug_abbrev</name>
         <load_address>0x6b0</load_address>
         <run_address>0x6b0</run_address>
         <size>0x74</size>
         <input_file_ref idref="fl-e"/>
      </object_component>
      <object_component id="oc-41">
         <name>.debug_abbrev</name>
         <load_address>0x724</load_address>
         <run_address>0x724</run_address>
         <size>0x24</size>
         <input_file_ref idref="fl-e"/>
      </object_component>
      <object_component id="oc-94">
         <name>.debug_abbrev</name>
         <load_address>0x748</load_address>
         <run_address>0x748</run_address>
         <size>0x24</size>
         <input_file_ref idref="fl-e"/>
      </object_component>
      <object_component id="oc-f1">
         <name>.debug_abbrev</name>
         <load_address>0x76c</load_address>
         <run_address>0x76c</run_address>
         <size>0x5d</size>
         <input_file_ref idref="fl-f"/>
      </object_component>
      <object_component id="oc-9d">
         <name>.debug_abbrev</name>
         <load_address>0x7c9</load_address>
         <run_address>0x7c9</run_address>
         <size>0x7b</size>
         <input_file_ref idref="fl-f"/>
      </object_component>
      <object_component id="oc-4a">
         <name>.debug_abbrev</name>
         <load_address>0x844</load_address>
         <run_address>0x844</run_address>
         <size>0x66</size>
         <input_file_ref idref="fl-f"/>
      </object_component>
      <object_component id="oc-4e">
         <name>.debug_abbrev</name>
         <load_address>0x8aa</load_address>
         <run_address>0x8aa</run_address>
         <size>0x24</size>
         <input_file_ref idref="fl-f"/>
      </object_component>
      <object_component id="oc-a9">
         <name>.debug_abbrev</name>
         <load_address>0x8ce</load_address>
         <run_address>0x8ce</run_address>
         <size>0x24</size>
         <input_file_ref idref="fl-f"/>
      </object_component>
      <object_component id="oc-a2">
         <name>.debug_abbrev</name>
         <load_address>0x8f2</load_address>
         <run_address>0x8f2</run_address>
         <size>0x35</size>
         <input_file_ref idref="fl-f"/>
      </object_component>
      <object_component id="oc-11d">
         <name>.debug_abbrev</name>
         <load_address>0x927</load_address>
         <run_address>0x927</run_address>
         <size>0x3e</size>
         <input_file_ref idref="fl-11"/>
      </object_component>
      <object_component id="oc-108">
         <name>.debug_abbrev</name>
         <load_address>0x965</load_address>
         <run_address>0x965</run_address>
         <size>0x72</size>
         <input_file_ref idref="fl-12"/>
      </object_component>
      <object_component id="oc-105">
         <name>.debug_abbrev</name>
         <load_address>0x9d7</load_address>
         <run_address>0x9d7</run_address>
         <size>0x29</size>
         <input_file_ref idref="fl-12"/>
      </object_component>
      <object_component id="oc-107">
         <name>.debug_abbrev</name>
         <load_address>0xa00</load_address>
         <run_address>0xa00</run_address>
         <size>0x45</size>
         <input_file_ref idref="fl-12"/>
      </object_component>
      <object_component id="oc-bd">
         <name>.debug_abbrev</name>
         <load_address>0xa45</load_address>
         <run_address>0xa45</run_address>
         <size>0x8c</size>
         <input_file_ref idref="fl-12"/>
      </object_component>
      <object_component id="oc-90">
         <name>.debug_abbrev</name>
         <load_address>0xad1</load_address>
         <run_address>0xad1</run_address>
         <size>0x3e</size>
         <input_file_ref idref="fl-13"/>
      </object_component>
      <object_component id="oc-f3">
         <name>.debug_abbrev</name>
         <load_address>0xb0f</load_address>
         <run_address>0xb0f</run_address>
         <size>0x6e</size>
         <input_file_ref idref="fl-14"/>
      </object_component>
      <object_component id="oc-a4">
         <name>.debug_abbrev</name>
         <load_address>0xb7d</load_address>
         <run_address>0xb7d</run_address>
         <size>0x71</size>
         <input_file_ref idref="fl-14"/>
      </object_component>
      <object_component id="oc-bf">
         <name>.debug_abbrev</name>
         <load_address>0xbee</load_address>
         <run_address>0xbee</run_address>
         <size>0x55</size>
         <input_file_ref idref="fl-15"/>
      </object_component>
      <object_component id="oc-fe">
         <name>.debug_abbrev</name>
         <load_address>0xc43</load_address>
         <run_address>0xc43</run_address>
         <size>0x99</size>
         <input_file_ref idref="fl-16"/>
      </object_component>
      <object_component id="oc-b2">
         <name>.debug_abbrev</name>
         <load_address>0xcdc</load_address>
         <run_address>0xcdc</run_address>
         <size>0x68</size>
         <input_file_ref idref="fl-16"/>
      </object_component>
      <object_component id="oc-103">
         <name>.debug_abbrev</name>
         <load_address>0xd44</load_address>
         <run_address>0xd44</run_address>
         <size>0x49</size>
         <input_file_ref idref="fl-16"/>
      </object_component>
      <object_component id="oc-10f">
         <name>.debug_abbrev</name>
         <load_address>0xd8d</load_address>
         <run_address>0xd8d</run_address>
         <size>0xb9</size>
         <input_file_ref idref="fl-17"/>
      </object_component>
      <object_component id="oc-d2">
         <name>.debug_abbrev</name>
         <load_address>0xe46</load_address>
         <run_address>0xe46</run_address>
         <size>0x7e</size>
         <input_file_ref idref="fl-17"/>
      </object_component>
      <object_component id="oc-114">
         <name>.debug_abbrev</name>
         <load_address>0xec4</load_address>
         <run_address>0xec4</run_address>
         <size>0x24</size>
         <input_file_ref idref="fl-17"/>
      </object_component>
      <object_component id="oc-13e">
         <name>.debug_abbrev</name>
         <load_address>0xee8</load_address>
         <run_address>0xee8</run_address>
         <size>0x24</size>
         <input_file_ref idref="fl-17"/>
      </object_component>
      <object_component id="oc-119">
         <name>.debug_abbrev</name>
         <load_address>0xf0c</load_address>
         <run_address>0xf0c</run_address>
         <size>0x4b</size>
         <input_file_ref idref="fl-17"/>
      </object_component>
      <object_component id="oc-128">
         <name>.debug_abbrev</name>
         <load_address>0xf57</load_address>
         <run_address>0xf57</run_address>
         <size>0xae</size>
         <input_file_ref idref="fl-18"/>
      </object_component>
      <object_component id="oc-10a">
         <name>.debug_abbrev</name>
         <load_address>0x1005</load_address>
         <run_address>0x1005</run_address>
         <size>0x8c</size>
         <input_file_ref idref="fl-18"/>
      </object_component>
      <object_component id="oc-12d">
         <name>.debug_abbrev</name>
         <load_address>0x1091</load_address>
         <run_address>0x1091</run_address>
         <size>0x24</size>
         <input_file_ref idref="fl-18"/>
      </object_component>
      <object_component id="oc-10c">
         <name>.debug_abbrev</name>
         <load_address>0x10b5</load_address>
         <run_address>0x10b5</run_address>
         <size>0x53</size>
         <input_file_ref idref="fl-19"/>
      </object_component>
      <object_component id="oc-12f">
         <name>.debug_abbrev</name>
         <load_address>0x1108</load_address>
         <run_address>0x1108</run_address>
         <size>0xb7</size>
         <input_file_ref idref="fl-1a"/>
      </object_component>
      <object_component id="oc-10d">
         <name>.debug_abbrev</name>
         <load_address>0x11bf</load_address>
         <run_address>0x11bf</run_address>
         <size>0x7e</size>
         <input_file_ref idref="fl-1a"/>
      </object_component>
      <object_component id="oc-134">
         <name>.debug_abbrev</name>
         <load_address>0x123d</load_address>
         <run_address>0x123d</run_address>
         <size>0x24</size>
         <input_file_ref idref="fl-1a"/>
      </object_component>
      <object_component id="oc-139">
         <name>.debug_abbrev</name>
         <load_address>0x1261</load_address>
         <run_address>0x1261</run_address>
         <size>0x24</size>
         <input_file_ref idref="fl-1a"/>
      </object_component>
      <object_component id="oc-167">
         <name>.debug_abbrev</name>
         <load_address>0x1285</load_address>
         <run_address>0x1285</run_address>
         <size>0xf</size>
      </object_component>
      <object_component id="oc-9c">
         <name>.debug_str</name>
         <load_address>0x0</load_address>
         <run_address>0x0</run_address>
         <size>0x127</size>
         <input_file_ref idref="fl-2"/>
      </object_component>
      <object_component id="oc-124">
         <name>.debug_str</name>
         <load_address>0x127</load_address>
         <run_address>0x127</run_address>
         <size>0x38c</size>
         <input_file_ref idref="fl-3"/>
      </object_component>
      <object_component id="oc-e9">
         <name>.debug_str</name>
         <load_address>0x4b3</load_address>
         <run_address>0x4b3</run_address>
         <size>0x93</size>
         <input_file_ref idref="fl-3"/>
      </object_component>
      <object_component id="oc-e2">
         <name>.debug_str</name>
         <load_address>0x546</load_address>
         <run_address>0x546</run_address>
         <size>0xc6</size>
         <input_file_ref idref="fl-3"/>
      </object_component>
      <object_component id="oc-42">
         <name>.debug_str</name>
         <load_address>0x60c</load_address>
         <run_address>0x60c</run_address>
         <size>0xf8</size>
         <input_file_ref idref="fl-e"/>
      </object_component>
      <object_component id="oc-95">
         <name>.debug_str</name>
         <load_address>0x704</load_address>
         <run_address>0x704</run_address>
         <size>0x125</size>
         <input_file_ref idref="fl-e"/>
      </object_component>
      <object_component id="oc-4f">
         <name>.debug_str</name>
         <load_address>0x829</load_address>
         <run_address>0x829</run_address>
         <size>0xf3</size>
         <input_file_ref idref="fl-f"/>
      </object_component>
      <object_component id="oc-aa">
         <name>.debug_str</name>
         <load_address>0x91c</load_address>
         <run_address>0x91c</run_address>
         <size>0x125</size>
         <input_file_ref idref="fl-f"/>
      </object_component>
      <object_component id="oc-a3">
         <name>.debug_str</name>
         <load_address>0xa41</load_address>
         <run_address>0xa41</run_address>
         <size>0x135</size>
         <input_file_ref idref="fl-f"/>
      </object_component>
      <object_component id="oc-104">
         <name>.debug_str</name>
         <load_address>0xb76</load_address>
         <run_address>0xb76</run_address>
         <size>0xce</size>
         <input_file_ref idref="fl-16"/>
      </object_component>
      <object_component id="oc-115">
         <name>.debug_str</name>
         <load_address>0xc44</load_address>
         <run_address>0xc44</run_address>
         <size>0xda</size>
         <input_file_ref idref="fl-17"/>
      </object_component>
      <object_component id="oc-13f">
         <name>.debug_str</name>
         <load_address>0xd1e</load_address>
         <run_address>0xd1e</run_address>
         <size>0x130</size>
         <input_file_ref idref="fl-17"/>
      </object_component>
      <object_component id="oc-11a">
         <name>.debug_str</name>
         <load_address>0xe4e</load_address>
         <run_address>0xe4e</run_address>
         <size>0x17c</size>
         <input_file_ref idref="fl-17"/>
      </object_component>
      <object_component id="oc-12e">
         <name>.debug_str</name>
         <load_address>0xfca</load_address>
         <run_address>0xfca</run_address>
         <size>0xcf</size>
         <input_file_ref idref="fl-18"/>
      </object_component>
      <object_component id="oc-135">
         <name>.debug_str</name>
         <load_address>0x1099</load_address>
         <run_address>0x1099</run_address>
         <size>0xca</size>
         <input_file_ref idref="fl-1a"/>
      </object_component>
      <object_component id="oc-13a">
         <name>.debug_str</name>
         <load_address>0x1163</load_address>
         <run_address>0x1163</run_address>
         <size>0x12f</size>
         <input_file_ref idref="fl-1a"/>
      </object_component>
      <object_component id="oc-85">
         <name>.debug_pubnames</name>
         <load_address>0x0</load_address>
         <run_address>0x0</run_address>
         <size>0x18</size>
         <input_file_ref idref="fl-2"/>
      </object_component>
      <object_component id="oc-8a">
         <name>.debug_pubnames</name>
         <load_address>0x18</load_address>
         <run_address>0x18</run_address>
         <size>0x18</size>
         <input_file_ref idref="fl-2"/>
      </object_component>
      <object_component id="oc-7e">
         <name>.debug_pubnames</name>
         <load_address>0x30</load_address>
         <run_address>0x30</run_address>
         <size>0x69</size>
         <input_file_ref idref="fl-3"/>
      </object_component>
      <object_component id="oc-34">
         <name>.debug_pubnames</name>
         <load_address>0x99</load_address>
         <run_address>0x99</run_address>
         <size>0x20</size>
         <input_file_ref idref="fl-3"/>
      </object_component>
      <object_component id="oc-d6">
         <name>.debug_pubnames</name>
         <load_address>0xb9</load_address>
         <run_address>0xb9</run_address>
         <size>0x21</size>
         <input_file_ref idref="fl-4"/>
      </object_component>
      <object_component id="oc-79">
         <name>.debug_pubnames</name>
         <load_address>0xda</load_address>
         <run_address>0xda</run_address>
         <size>0x22f</size>
         <input_file_ref idref="fl-4"/>
      </object_component>
      <object_component id="oc-fb">
         <name>.debug_pubnames</name>
         <load_address>0x309</load_address>
         <run_address>0x309</run_address>
         <size>0x1e</size>
         <input_file_ref idref="fl-5"/>
      </object_component>
      <object_component id="oc-af">
         <name>.debug_pubnames</name>
         <load_address>0x327</load_address>
         <run_address>0x327</run_address>
         <size>0x1b</size>
         <input_file_ref idref="fl-6"/>
      </object_component>
      <object_component id="oc-29">
         <name>.debug_pubnames</name>
         <load_address>0x342</load_address>
         <run_address>0x342</run_address>
         <size>0x2e</size>
         <input_file_ref idref="fl-7"/>
      </object_component>
      <object_component id="oc-37">
         <name>.debug_pubnames</name>
         <load_address>0x370</load_address>
         <run_address>0x370</run_address>
         <size>0x1d</size>
         <input_file_ref idref="fl-d"/>
      </object_component>
      <object_component id="oc-2e">
         <name>.debug_pubnames</name>
         <load_address>0x38d</load_address>
         <run_address>0x38d</run_address>
         <size>0x1f</size>
         <input_file_ref idref="fl-d"/>
      </object_component>
      <object_component id="oc-14">
         <name>.debug_pubnames</name>
         <load_address>0x3ac</load_address>
         <run_address>0x3ac</run_address>
         <size>0x2b</size>
         <input_file_ref idref="fl-e"/>
      </object_component>
      <object_component id="oc-47">
         <name>.debug_pubnames</name>
         <load_address>0x3d7</load_address>
         <run_address>0x3d7</run_address>
         <size>0x2f</size>
         <input_file_ref idref="fl-f"/>
      </object_component>
      <object_component id="oc-1c">
         <name>.debug_pubnames</name>
         <load_address>0x406</load_address>
         <run_address>0x406</run_address>
         <size>0x2c</size>
         <input_file_ref idref="fl-f"/>
      </object_component>
      <object_component id="oc-db">
         <name>.debug_pubnames</name>
         <load_address>0x432</load_address>
         <run_address>0x432</run_address>
         <size>0x1d</size>
         <input_file_ref idref="fl-11"/>
      </object_component>
      <object_component id="oc-b6">
         <name>.debug_pubnames</name>
         <load_address>0x44f</load_address>
         <run_address>0x44f</run_address>
         <size>0x5e</size>
         <input_file_ref idref="fl-12"/>
      </object_component>
      <object_component id="oc-bb">
         <name>.debug_pubnames</name>
         <load_address>0x4ad</load_address>
         <run_address>0x4ad</run_address>
         <size>0x1c</size>
         <input_file_ref idref="fl-12"/>
      </object_component>
      <object_component id="oc-67">
         <name>.debug_pubnames</name>
         <load_address>0x4c9</load_address>
         <run_address>0x4c9</run_address>
         <size>0x1b</size>
         <input_file_ref idref="fl-12"/>
      </object_component>
      <object_component id="oc-3c">
         <name>.debug_pubnames</name>
         <load_address>0x4e4</load_address>
         <run_address>0x4e4</run_address>
         <size>0x1d</size>
         <input_file_ref idref="fl-13"/>
      </object_component>
      <object_component id="oc-55">
         <name>.debug_pubnames</name>
         <load_address>0x501</load_address>
         <run_address>0x501</run_address>
         <size>0x1d</size>
         <input_file_ref idref="fl-14"/>
      </object_component>
      <object_component id="oc-6b">
         <name>.debug_pubnames</name>
         <load_address>0x51e</load_address>
         <run_address>0x51e</run_address>
         <size>0x27</size>
         <input_file_ref idref="fl-15"/>
      </object_component>
      <object_component id="oc-60">
         <name>.debug_pubnames</name>
         <load_address>0x545</load_address>
         <run_address>0x545</run_address>
         <size>0x21</size>
         <input_file_ref idref="fl-16"/>
      </object_component>
      <object_component id="oc-70">
         <name>.debug_pubnames</name>
         <load_address>0x566</load_address>
         <run_address>0x566</run_address>
         <size>0x25</size>
         <input_file_ref idref="fl-17"/>
      </object_component>
      <object_component id="oc-c4">
         <name>.debug_pubnames</name>
         <load_address>0x58b</load_address>
         <run_address>0x58b</run_address>
         <size>0x1e</size>
         <input_file_ref idref="fl-18"/>
      </object_component>
      <object_component id="oc-c9">
         <name>.debug_pubnames</name>
         <load_address>0x5a9</load_address>
         <run_address>0x5a9</run_address>
         <size>0x29</size>
         <input_file_ref idref="fl-19"/>
      </object_component>
      <object_component id="oc-ce">
         <name>.debug_pubnames</name>
         <load_address>0x5d2</load_address>
         <run_address>0x5d2</run_address>
         <size>0x24</size>
         <input_file_ref idref="fl-1a"/>
      </object_component>
      <object_component id="oc-99">
         <name>.debug_pubtypes</name>
         <load_address>0x0</load_address>
         <run_address>0x0</run_address>
         <size>0x13a</size>
         <input_file_ref idref="fl-2"/>
      </object_component>
      <object_component id="oc-121">
         <name>.debug_pubtypes</name>
         <load_address>0x13a</load_address>
         <run_address>0x13a</run_address>
         <size>0x47</size>
         <input_file_ref idref="fl-3"/>
      </object_component>
      <object_component id="oc-df">
         <name>.debug_pubtypes</name>
         <load_address>0x181</load_address>
         <run_address>0x181</run_address>
         <size>0x84</size>
         <input_file_ref idref="fl-3"/>
      </object_component>
      <object_component id="oc-3f">
         <name>.debug_pubtypes</name>
         <load_address>0x205</load_address>
         <run_address>0x205</run_address>
         <size>0x48</size>
         <input_file_ref idref="fl-e"/>
      </object_component>
      <object_component id="oc-92">
         <name>.debug_pubtypes</name>
         <load_address>0x24d</load_address>
         <run_address>0x24d</run_address>
         <size>0x1d</size>
         <input_file_ref idref="fl-e"/>
      </object_component>
      <object_component id="oc-4c">
         <name>.debug_pubtypes</name>
         <load_address>0x26a</load_address>
         <run_address>0x26a</run_address>
         <size>0x44</size>
         <input_file_ref idref="fl-f"/>
      </object_component>
      <object_component id="oc-a7">
         <name>.debug_pubtypes</name>
         <load_address>0x2ae</load_address>
         <run_address>0x2ae</run_address>
         <size>0x1d</size>
         <input_file_ref idref="fl-f"/>
      </object_component>
      <object_component id="oc-a0">
         <name>.debug_pubtypes</name>
         <load_address>0x2cb</load_address>
         <run_address>0x2cb</run_address>
         <size>0x31</size>
         <input_file_ref idref="fl-f"/>
      </object_component>
      <object_component id="oc-101">
         <name>.debug_pubtypes</name>
         <load_address>0x2fc</load_address>
         <run_address>0x2fc</run_address>
         <size>0x1b</size>
         <input_file_ref idref="fl-16"/>
      </object_component>
      <object_component id="oc-112">
         <name>.debug_pubtypes</name>
         <load_address>0x317</load_address>
         <run_address>0x317</run_address>
         <size>0x32</size>
         <input_file_ref idref="fl-17"/>
      </object_component>
      <object_component id="oc-13c">
         <name>.debug_pubtypes</name>
         <load_address>0x349</load_address>
         <run_address>0x349</run_address>
         <size>0x2c</size>
         <input_file_ref idref="fl-17"/>
      </object_component>
      <object_component id="oc-117">
         <name>.debug_pubtypes</name>
         <load_address>0x375</load_address>
         <run_address>0x375</run_address>
         <size>0x50</size>
         <input_file_ref idref="fl-17"/>
      </object_component>
      <object_component id="oc-12b">
         <name>.debug_pubtypes</name>
         <load_address>0x3c5</load_address>
         <run_address>0x3c5</run_address>
         <size>0x23</size>
         <input_file_ref idref="fl-18"/>
      </object_component>
      <object_component id="oc-132">
         <name>.debug_pubtypes</name>
         <load_address>0x3e8</load_address>
         <run_address>0x3e8</run_address>
         <size>0x23</size>
         <input_file_ref idref="fl-1a"/>
      </object_component>
      <object_component id="oc-137">
         <name>.debug_pubtypes</name>
         <load_address>0x40b</load_address>
         <run_address>0x40b</run_address>
         <size>0x2b</size>
         <input_file_ref idref="fl-1a"/>
      </object_component>
      <object_component id="oc-32">
         <name>.debug_frame</name>
         <load_address>0x0</load_address>
         <run_address>0x0</run_address>
         <size>0xf8</size>
         <input_file_ref idref="fl-3"/>
      </object_component>
      <object_component id="oc-7a">
         <name>.debug_frame</name>
         <load_address>0xf8</load_address>
         <run_address>0xf8</run_address>
         <size>0x310</size>
         <input_file_ref idref="fl-4"/>
      </object_component>
      <object_component id="oc-f9">
         <name>.debug_frame</name>
         <load_address>0x408</load_address>
         <run_address>0x408</run_address>
         <size>0x40</size>
         <input_file_ref idref="fl-5"/>
      </object_component>
      <object_component id="oc-b1">
         <name>.debug_frame</name>
         <load_address>0x448</load_address>
         <run_address>0x448</run_address>
         <size>0x40</size>
         <input_file_ref idref="fl-6"/>
      </object_component>
      <object_component id="oc-2a">
         <name>.debug_frame</name>
         <load_address>0x488</load_address>
         <run_address>0x488</run_address>
         <size>0x38</size>
         <input_file_ref idref="fl-d"/>
      </object_component>
      <object_component id="oc-16">
         <name>.debug_frame</name>
         <load_address>0x4c0</load_address>
         <run_address>0x4c0</run_address>
         <size>0x3c</size>
         <input_file_ref idref="fl-e"/>
      </object_component>
      <object_component id="oc-45">
         <name>.debug_frame</name>
         <load_address>0x4fc</load_address>
         <run_address>0x4fc</run_address>
         <size>0x68</size>
         <input_file_ref idref="fl-f"/>
      </object_component>
      <object_component id="oc-1a">
         <name>.debug_frame</name>
         <load_address>0x564</load_address>
         <run_address>0x564</run_address>
         <size>0x3c</size>
         <input_file_ref idref="fl-f"/>
      </object_component>
      <object_component id="oc-b9">
         <name>.debug_frame</name>
         <load_address>0x5a0</load_address>
         <run_address>0x5a0</run_address>
         <size>0x3c</size>
         <input_file_ref idref="fl-12"/>
      </object_component>
      <object_component id="oc-64">
         <name>.debug_frame</name>
         <load_address>0x5dc</load_address>
         <run_address>0x5dc</run_address>
         <size>0x4c</size>
         <input_file_ref idref="fl-12"/>
      </object_component>
      <object_component id="oc-53">
         <name>.debug_frame</name>
         <load_address>0x628</load_address>
         <run_address>0x628</run_address>
         <size>0x40</size>
         <input_file_ref idref="fl-14"/>
      </object_component>
      <object_component id="oc-6d">
         <name>.debug_frame</name>
         <load_address>0x668</load_address>
         <run_address>0x668</run_address>
         <size>0x3c</size>
         <input_file_ref idref="fl-15"/>
      </object_component>
      <object_component id="oc-61">
         <name>.debug_frame</name>
         <load_address>0x6a4</load_address>
         <run_address>0x6a4</run_address>
         <size>0x3c</size>
         <input_file_ref idref="fl-16"/>
      </object_component>
      <object_component id="oc-72">
         <name>.debug_frame</name>
         <load_address>0x6e0</load_address>
         <run_address>0x6e0</run_address>
         <size>0x5c</size>
         <input_file_ref idref="fl-17"/>
      </object_component>
      <object_component id="oc-c1">
         <name>.debug_frame</name>
         <load_address>0x73c</load_address>
         <run_address>0x73c</run_address>
         <size>0x60</size>
         <input_file_ref idref="fl-18"/>
      </object_component>
      <object_component id="oc-cb">
         <name>.debug_frame</name>
         <load_address>0x79c</load_address>
         <run_address>0x79c</run_address>
         <size>0x3c</size>
         <input_file_ref idref="fl-19"/>
      </object_component>
      <object_component id="oc-d1">
         <name>.debug_frame</name>
         <load_address>0x7d8</load_address>
         <run_address>0x7d8</run_address>
         <size>0x68</size>
         <input_file_ref idref="fl-1a"/>
      </object_component>
      <object_component id="oc-30">
         <name>.debug_aranges</name>
         <load_address>0x0</load_address>
         <run_address>0x0</run_address>
         <size>0x20</size>
         <input_file_ref idref="fl-3"/>
      </object_component>
      <object_component id="oc-78">
         <name>.debug_aranges</name>
         <load_address>0x20</load_address>
         <run_address>0x20</run_address>
         <size>0x108</size>
         <input_file_ref idref="fl-4"/>
      </object_component>
      <object_component id="oc-f8">
         <name>.debug_aranges</name>
         <load_address>0x128</load_address>
         <run_address>0x128</run_address>
         <size>0x20</size>
         <input_file_ref idref="fl-5"/>
      </object_component>
      <object_component id="oc-ae">
         <name>.debug_aranges</name>
         <load_address>0x148</load_address>
         <run_address>0x148</run_address>
         <size>0x20</size>
         <input_file_ref idref="fl-6"/>
      </object_component>
      <object_component id="oc-27">
         <name>.debug_aranges</name>
         <load_address>0x168</load_address>
         <run_address>0x168</run_address>
         <size>0x20</size>
         <input_file_ref idref="fl-7"/>
      </object_component>
      <object_component id="oc-2b">
         <name>.debug_aranges</name>
         <load_address>0x188</load_address>
         <run_address>0x188</run_address>
         <size>0x20</size>
         <input_file_ref idref="fl-d"/>
      </object_component>
      <object_component id="oc-15">
         <name>.debug_aranges</name>
         <load_address>0x1a8</load_address>
         <run_address>0x1a8</run_address>
         <size>0x20</size>
         <input_file_ref idref="fl-e"/>
      </object_component>
      <object_component id="oc-48">
         <name>.debug_aranges</name>
         <load_address>0x1c8</load_address>
         <run_address>0x1c8</run_address>
         <size>0x20</size>
         <input_file_ref idref="fl-f"/>
      </object_component>
      <object_component id="oc-1d">
         <name>.debug_aranges</name>
         <load_address>0x1e8</load_address>
         <run_address>0x1e8</run_address>
         <size>0x20</size>
[...]
            <object_component_ref idref="oc-1d"/>
            <object_component_ref idref="oc-dc"/>
            <object_component_ref idref="oc-bc"/>
            <object_component_ref idref="oc-63"/>
            <object_component_ref idref="oc-39"/>
            <object_component_ref idref="oc-51"/>
            <object_component_ref idref="oc-6a"/>
            <object_component_ref idref="oc-5d"/>
            <object_component_ref idref="oc-71"/>
            <object_component_ref idref="oc-c3"/>
            <object_component_ref idref="oc-ca"/>
            <object_component_ref idref="oc-cf"/>
         </contents>
      </logical_group>
      <load_segment id="lg-16a" display="no" color="cyan">
         <name>SEGMENT_0</name>
         <load_address>0x11800000</load_address>
         <run_address>0x11800000</run_address>
         <size>0x1bc0</size>
         <flags>0x5</flags>
         <contents>
            <logical_group_ref idref="lg-2"/>
            <logical_group_ref idref="lg-b"/>
         </contents>
      </load_segment>
      <load_segment id="lg-16b" display="no" color="cyan">
         <name>SEGMENT_1</name>
         <run_address>0x11801bc0</run_address>
         <size>0x480</size>
         <flags>0x6</flags>
         <contents>
            <logical_group_ref idref="lg-9"/>
            <logical_group_ref idref="lg-d"/>
            <logical_group_ref idref="lg-3"/>
            <logical_group_ref idref="lg-e"/>
         </contents>
      </load_segment>
      <load_segment id="lg-16c" display="no" color="cyan">
         <name>SEGMENT_2</name>
         <load_address>0x11802040</load_address>
         <run_address>0x11802040</run_address>
         <size>0x18</size>
         <flags>0x4</flags>
         <contents>
            <logical_group_ref idref="lg-c"/>
         </contents>
      </load_segment>
      <load_segment id="lg-16d" display="no" color="cyan">
         <name>SEGMENT_3</name>
         <run_address>0x11802058</run_address>
         <size>0xc</size>
         <flags>0x6</flags>
         <contents>
            <logical_group_ref idref="lg-5"/>
         </contents>
      </load_segment>
      <load_segment id="lg-16e" display="no" color="cyan">
         <name>SEGMENT_4</name>
         <load_address>0x11802068</load_address>
         <run_address>0x11802068</run_address>
         <size>0x80</size>
         <flags>0x4</flags>
         <contents>
            <logical_group_ref idref="lg-6"/>
         </contents>
      </load_segment>
   </logical_group_list>
   <placement_map>
      <memory_area display="yes" color="green">
         <name>VECTORS</name>
         <page_id>0x0</page_id>
         <origin>0x11800000</origin>
         <length>0x200</length>
         <used_space>0x200</used_space>
         <unused_space>0x0</unused_space>
         <attributes>RWIX</attributes>
         <usage_details>
            <allocated_space>
               <start_address>0x11800000</start_address>
               <size>0x200</size>
               <logical_group_ref idref="lg-2"/>
            </allocated_space>
         </usage_details>
      </memory_area>
      <memory_area display="yes" color="green">
         <name>DSPRAM</name>
         <page_id>0x0</page_id>
         <origin>0x11800200</origin>
         <length>0x3fe00</length>
         <used_space>0x1ee4</used_space>
         <unused_space>0x3df1c</unused_space>
         <attributes>RWIX</attributes>
         <usage_details>
            <allocated_space>
               <start_address>0x11800200</start_address>
               <size>0x19c0</size>
               <logical_group_ref idref="lg-b"/>
            </allocated_space>
            <allocated_space>
               <start_address>0x11801bc0</start_address>
               <size>0x400</size>
               <logical_group_ref idref="lg-9"/>
            </allocated_space>
            <allocated_space>
               <start_address>0x11801fc0</start_address>
               <size>0x44</size>
               <logical_group_ref idref="lg-d"/>
            </allocated_space>
            <allocated_space>
               <start_address>0x11802004</start_address>
               <size>0x4</size>
               <logical_group_ref idref="lg-3"/>
            </allocated_space>
            <allocated_space>
               <start_address>0x11802008</start_address>
               <size>0x38</size>
               <logical_group_ref idref="lg-e"/>
            </allocated_space>
            <allocated_space>
               <start_address>0x11802040</start_address>
               <size>0x18</size>
               <logical_group_ref idref="lg-c"/>
            </allocated_space>
            <allocated_space>
               <start_address>0x11802058</start_address>
               <size>0xc</size>
               <logical_group_ref idref="lg-5"/>
            </allocated_space>
            <available_space>
               <start_address>0x11802064</start_address>
               <size>0x4</size>
            </available_space>
            <allocated_space>
               <start_address>0x11802068</start_address>
               <size>0x80</size>
               <logical_group_ref idref="lg-6"/>
            </allocated_space>
            <available_space>
               <start_address>0x118020e8</start_address>
               <size>0x3df18</size>
            </available_space>
         </usage_details>
      </memory_area>
      <memory_area display="yes" color="green">
         <name>SHAREDRAM</name>
         <page_id>0x0</page_id>
         <origin>0x80000000</origin>
         <length>0x20000</length>
         <used_space>0x0</used_space>
         <unused_space>0x20000</unused_space>
         <attributes>RWIX</attributes>
         <usage_details>
         </usage_details>
      </memory_area>
      <memory_area display="yes" color="green">
         <name>SDRAM</name>
         <page_id>0x0</page_id>
         <origin>0xc0000000</origin>
         <length>0x8000000</length>
         <used_space>0x0</used_space>
         <unused_space>0x8000000</unused_space>
         <attributes>RWIX</attributes>
         <usage_details>
         </usage_details>
      </memory_area>
   </placement_map>
   <cptbl_list>
      <cptbl>
         <name>__TI_cinit_table</name>
         <cprec>
            <name>.fardata</name>
            <load_address>0x11802068</load_address>
            <load_size>0x38</load_size>
            <run_address>0x11802008</run_address>
            <run_size>0x38</run_size>
            <compression>rle</compression>
         </cprec>
         <cprec>
            <name>.bss</name>
            <load_address>0x118020a0</load_address>
            <load_size>0x9</load_size>
            <run_address>0x11802058</run_address>
            <run_size>0xc</run_size>
            <compression>rle</compression>
         </cprec>
         <cprec>
            <name>.far</name>
            <load_address>0x118020a9</load_address>
            <load_size>0x9</load_size>
            <run_address>0x11801fc0</run_address>
            <run_size>0x44</run_size>
            <compression>rle</compression>
         </cprec>
         <cprec>
            <name>.neardata</name>
            <load_address>0x118020b2</load_address>
            <load_size>0x9</load_size>
            <run_address>0x11802004</run_address>
            <run_size>0x4</run_size>
            <compression>rle</compression>
         </cprec>
      </cptbl>
   </cptbl_list>
   <handler_table>
      <handler_table_name>__TI_handler_table</handler_table_name>
      <handler>
         <index>0x0</index>
         <name>__TI_decompress_rle24</name>
      </handler>
      <handler>
         <index>0x1</index>
         <name>__TI_decompress_none</name>
      </handler>
   </handler_table>
   <symbol_table>
      <symbol id="sm-1">
         <name>__TI_CINIT_Base</name>
         <value>0x118020c8</value>
      </symbol>
      <symbol id="sm-2">
         <name>__TI_CINIT_Limit</name>
         <value>0x118020e8</value>
      </symbol>
      <symbol id="sm-3">
         <name>__TI_Handler_Table_Base</name>
         <value>0x118020bc</value>
      </symbol>
      <symbol id="sm-4">
         <name>__TI_Handler_Table_Limit</name>
         <value>0x118020c4</value>
      </symbol>
      <symbol id="sm-5">
         <name>binit</name>
         <value>0xffffffff</value>
      </symbol>
      <symbol id="sm-6">
         <name>__binit__</name>
         <value>0xffffffff</value>
      </symbol>
      <symbol id="sm-7">
         <name>__TI_STACK_SIZE</name>
         <value>0x400</value>
      </symbol>
      <symbol id="sm-8">
         <name>__TI_STACK_END</name>
         <value>0x11801fc0</value>
      </symbol>
      <symbol id="sm-9">
         <name>__c_args__</name>
         <value>0xffffffff</value>
      </symbol>
      <symbol id="sm-a">
         <name>__TI_pprof_out_hndl</name>
         <value>0xffffffff</value>
      </symbol>
      <symbol id="sm-b">
         <name>__TI_prof_data_start</name>
         <value>0xffffffff</value>
      </symbol>
      <symbol id="sm-c">
         <name>__TI_prof_data_size</name>
         <value>0xffffffff</value>
      </symbol>
      <symbol id="sm-37">
         <name>B</name>
         <value>0x11802020</value>
         <object_component_ref idref="oc-83"/>
      </symbol>
      <symbol id="sm-38">
         <name>A</name>
         <value>0x11802008</value>
         <object_component_ref idref="oc-88"/>
      </symbol>
      <symbol id="sm-5b">
         <name>CodecDataIn</name>
         <value>0x11801fd4</value>
      </symbol>
      <symbol id="sm-5c">
         <name>CodecDataOut</name>
         <value>0x11801fec</value>
      </symbol>
      <symbol id="sm-5d">
         <name>xLeft</name>
         <value>0x11801fc0</value>
      </symbol>
      <symbol id="sm-5e">
         <name>xRight</name>
         <value>0x11801fd8</value>
      </symbol>
      <symbol id="sm-5f">
         <name>yLeft</name>
         <value>0x11801ff0</value>
      </symbol>
      <symbol id="sm-60">
         <name>y</name>
         <value>0x1180205c</value>
      </symbol>
      <symbol id="sm-61">
         <name>yRight</name>
         <value>0x11802060</value>
      </symbol>
      <symbol id="sm-62">
         <name>i</name>
         <value>0x11802058</value>
      </symbol>
      <symbol id="sm-63">
         <name>Codec_ISR</name>
         <value>0x11800fe0</value>
         <object_component_ref idref="oc-2f"/>
      </symbol>
      <symbol id="sm-109">
         <name>IsDataReady_UART2</name>
         <value>0x11800f74</value>
         <object_component_ref idref="oc-76"/>
      </symbol>
      <symbol id="sm-10a">
         <name>Write_UART2</name>
         <value>0x11800ee0</value>
         <object_component_ref idref="oc-76"/>
      </symbol>
      <symbol id="sm-10b">
         <name>GetSampleFreq</name>
         <value>0x11800200</value>
         <object_component_ref idref="oc-76"/>
      </symbol>
      <symbol id="sm-10c">
         <name>DSP_Init_EDMA</name>
         <value>0x1180022c</value>
         <object_component_ref idref="oc-76"/>
      </symbol>
      <symbol id="sm-10d">
         <name>Reset_I2C</name>
         <value>0x11800544</value>
         <object_component_ref idref="oc-76"/>
      </symbol>
      <symbol id="sm-10e">
         <name>ReadCodecData</name>
         <value>0x1180064c</value>
         <object_component_ref idref="oc-76"/>
      </symbol>
      <symbol id="sm-10f">
         <name>CheckForOverrun</name>
         <value>0x11800694</value>
         <object_component_ref idref="oc-76"/>
      </symbol>
      <symbol id="sm-110">
         <name>ReadSwitches</name>
         <value>0x118003a8</value>
         <object_component_ref idref="oc-76"/>
      </symbol>
      <symbol id="sm-111">
         <name>InitDigitalOutputs</name>
         <value>0x118003c4</value>
         <object_component_ref idref="oc-76"/>
      </symbol>
      <symbol id="sm-112">
         <name>EnableInterrupts_EDMA</name>
         <value>0x11800484</value>
         <object_component_ref idref="oc-76"/>
      </symbol>
      <symbol id="sm-113">
         <name>DSP_Init</name>
         <value>0x1180020c</value>
         <object_component_ref idref="oc-76"/>
      </symbol>
      <symbol id="sm-114">
         <name>InitLEDs</name>
         <value>0x1180024c</value>
         <object_component_ref idref="oc-76"/>
      </symbol>
      <symbol id="sm-115">
         <name>IsTxReady_UART2</name>
         <value>0x11800fa0</value>
         <object_component_ref idref="oc-76"/>
      </symbol>
      <symbol id="sm-116">
         <name>Init_Interrupts_EDMA</name>
         <value>0x1180046c</value>
         <object_component_ref idref="oc-76"/>
      </symbol>
      <symbol id="sm-117">
         <name>WriteDigitalOutputs</name>
         <value>0x118003d0</value>
         <object_component_ref idref="oc-76"/>
      </symbol>
      <symbol id="sm-118">
         <name>Read_UART2</name>
         <value>0x11800f4c</value>
         <object_component_ref idref="oc-76"/>
      </symbol>
      <symbol id="sm-119">
         <name>WriteCodecData</name>
         <value>0x1180066c</value>
         <object_component_ref idref="oc-76"/>
      </symbol>
      <symbol id="sm-11a">
         <name>Reset_AIC3106</name>
         <value>0x11800938</value>
         <object_component_ref idref="oc-76"/>
      </symbol>
      <symbol id="sm-11b">
         <name>WriteLEDs</name>
         <value>0x118002c0</value>
         <object_component_ref idref="oc-76"/>
      </symbol>
      <symbol id="sm-11c">
         <name>Init_Interrupts</name>
         <value>0x118003f0</value>
         <object_component_ref idref="oc-76"/>
      </symbol>
      <symbol id="sm-11d">
         <name>wait</name>
         <value>0x118004c4</value>
         <object_component_ref idref="oc-76"/>
      </symbol>
      <symbol id="sm-11e">
         <name>Init_McASP0</name>
         <value>0x11800ab4</value>
         <object_component_ref idref="oc-76"/>
      </symbol>
      <symbol id="sm-11f">
         <name>AIC3106_write_reg</name>
         <value>0x118008f8</value>
         <object_component_ref idref="oc-76"/>
      </symbol>
      <symbol id="sm-120">
         <name>Init_UART2</name>
         <value>0x11800e34</value>
         <object_component_ref idref="oc-76"/>
      </symbol>
      <symbol id="sm-121">
         <name>Init_I2C</name>
         <value>0x118004f4</value>
         <object_component_ref idref="oc-76"/>
      </symbol>
      <symbol id="sm-122">
         <name>EnableInterrupts</name>
         <value>0x1180042c</value>
         <object_component_ref idref="oc-76"/>
      </symbol>
      <symbol id="sm-123">
         <name>Puts_UART2</name>
         <value>0x11800f0c</value>
         <object_component_ref idref="oc-76"/>
      </symbol>
      <symbol id="sm-124">
         <name>Init_AIC3106</name>
         <value>0x118006c0</value>
         <object_component_ref idref="oc-76"/>
      </symbol>
      <symbol id="sm-125">
         <name>Write_I2C</name>
         <value>0x11800568</value>
         <object_component_ref idref="oc-76"/>
      </symbol>
      <symbol id="sm-126">
         <name>SetSampleRate_AIC3106</name>
         <value>0x11800964</value>
         <object_component_ref idref="oc-76"/>
      </symbol>
      <symbol id="sm-12f">
         <name>StartUp</name>
         <value>0x11801ae0</value>
         <object_component_ref idref="oc-f7"/>
      </symbol>
      <symbol id="sm-13b">
         <name>main</name>
         <value>0x11801ba0</value>
         <object_component_ref idref="oc-ac"/>
      </symbol>
      <symbol id="sm-168">
         <name>_c_int00</name>
         <value>0x11801a20</value>
         <object_component_ref idref="oc-24"/>
      </symbol>
      <symbol id="sm-169">
         <name>_stack</name>
         <value>0x11801bc0</value>
         <object_component_ref idref="oc-35"/>
      </symbol>
      <symbol id="sm-180">
         <name>__TI_decompress_none</name>
         <value>0x11801b60</value>
         <object_component_ref idref="oc-12"/>
      </symbol>
      <symbol id="sm-1ab">
         <name>__TI_decompress_rle24</name>
         <value>0x11801b80</value>
         <object_component_ref idref="oc-18"/>
      </symbol>
      <symbol id="sm-1b5">
         <name>__c6xabi_divu</name>
         <value>0x11801800</value>
         <object_component_ref idref="oc-d8"/>
      </symbol>
      <symbol id="sm-1b6">
         <name>__divu</name>
         <value>0x11801800</value>
         <object_component_ref idref="oc-d8"/>
      </symbol>
      <symbol id="sm-1d7">
         <name>C$$EXIT</name>
         <value>0x11801b40</value>
         <object_component_ref idref="oc-b7"/>
      </symbol>
      <symbol id="sm-1d8">
         <name>abort</name>
         <value>0x11801b40</value>
         <object_component_ref idref="oc-b7"/>
      </symbol>
      <symbol id="sm-1d9">
         <name>exit</name>
         <value>0x11801640</value>
         <object_component_ref idref="oc-62"/>
      </symbol>
      <symbol id="sm-1da">
         <name>__TI_dtors_ptr</name>
         <value>0x11802038</value>
         <object_component_ref idref="oc-b4"/>
      </symbol>
      <symbol id="sm-1db">
         <name>__TI_cleanup_ptr</name>
         <value>0x11802034</value>
         <object_component_ref idref="oc-b4"/>
      </symbol>
      <symbol id="sm-1dc">
         <name>__TI_enable_exit_profile_output</name>
         <value>0x1180203c</value>
         <object_component_ref idref="oc-b4"/>
      </symbol>
      <symbol id="sm-1e5">
         <name>memcpy</name>
         <value>0x11801980</value>
         <object_component_ref idref="oc-38"/>
      </symbol>
      <symbol id="sm-1f5">
         <name>memset</name>
         <value>0x11801720</value>
         <object_component_ref idref="oc-50"/>
      </symbol>
      <symbol id="sm-1fe">
         <name>_system_pre_init</name>
         <value>0x11801b20</value>
         <object_component_ref idref="oc-68"/>
      </symbol>
      <symbol id="sm-210">
         <name>_args_main</name>
         <value>0x11801aa0</value>
         <object_component_ref idref="oc-5c"/>
      </symbol>
      <symbol id="sm-236">
         <name>_auto_init_elf</name>
         <value>0x118012e0</value>
         <object_component_ref idref="oc-6e"/>
      </symbol>
      <symbol id="sm-24d">
         <name>copy_in</name>
         <value>0x11801540</value>
         <object_component_ref idref="oc-c0"/>
      </symbol>
      <symbol id="sm-256">
         <name>_system_post_cinit</name>
         <value>0x11801b00</value>
         <object_component_ref idref="oc-c6"/>
      </symbol>
      <symbol id="sm-26f">
         <name>__TI_tls_init</name>
         <value>0x118018c0</value>
         <object_component_ref idref="oc-cc"/>
      </symbol>
      <symbol id="sm-271">
         <name>__TI_STATIC_BASE</name>
         <value>0x11802004</value>
      </symbol>
      <symbol id="sm-273">
         <name>__TI_INITARRAY_Limit</name>
         <value>0x0</value>
      </symbol>
      <symbol id="sm-274">
         <name>__TI_INITARRAY_Base</name>
         <value>0x0</value>
      </symbol>
      <symbol id="sm-275">
         <name>__TI_TLS_INIT_Base</name>
         <value>0x0</value>
      </symbol>
      <symbol id="sm-276">
         <name>__TI_TLS_INIT_Limit</name>
         <value>0x0</value>
      </symbol>
   </symbol_table>
   <title>Link successful</title>
</link_info>
